

================================================================
== Vivado HLS Report for 'CvtColor'
================================================================
* Date:           Tue Mar 24 00:11:56 2020

* Version:        2017.4 (Build 2086221 on Fri Dec 15 21:13:33 MST 2017)
* Project:        YCrCbGuass
* Solution:       solution1
* Product family: zynq
* Target device:  xc7z020clg484-1


================================================================
== Performance Estimates
================================================================
+ Timing (ns): 
    * Summary: 
    +--------+-------+----------+------------+
    |  Clock | Target| Estimated| Uncertainty|
    +--------+-------+----------+------------+
    |ap_clk  |  10.00|     10.60|        1.25|
    +--------+-------+----------+------------+

+ Latency (clock cycles): 
    * Summary: 
    +-----+--------+-----+--------+---------+
    |    Latency   |   Interval   | Pipeline|
    | min |   max  | min |   max  |   Type  |
    +-----+--------+-----+--------+---------+
    |   10|  351361|   10|  351361|   none  |
    +-----+--------+-----+--------+---------+

    + Detail: 
        * Instance: 
        N/A

        * Loop: 
        +---------------+-----+--------+----------+-----------+-----------+---------+----------+
        |               |    Latency   | Iteration|  Initiation Interval  |   Trip  |          |
        |   Loop Name   | min |   max  |  Latency |  achieved |   target  |  Count  | Pipelined|
        +---------------+-----+--------+----------+-----------+-----------+---------+----------+
        |- loop_height  |    9|  351360|  9 ~ 488 |          -|          -| 1 ~ 720 |    no    |
        | + loop_width  |    6|     485|         7|          1|          1| 1 ~ 480 |    yes   |
        +---------------+-----+--------+----------+-----------+-----------+---------+----------+

============================================================
+ Verbose Summary: Synthesis Manager
============================================================
InlineROM: 1
ExposeGlobal: 0
============================================================
+ Verbose Summary: CDFG Model
============================================================
IsTopModel: 0
ResetActiveHigh: 1
IsCombinational: 2
IsDatapathOnly: 0
HasWiredReturn: 1
HasMFsm: 0
HasVarLatency: 1
IsPipeline: 0
IsRtlPipelined: 0
IsInstanceOverlapped: 0
IsDontTouch: 0
HasImplIP: 0
IsGatedGlobalClock: 0

+ Individual pipeline summary: 
  * Pipeline-0: initiation interval (II) = 1, depth = 7


============================================================
+ Verbose Summary: Schedule
============================================================
* Number of FSM states : 10
* Pipeline : 1
  Pipeline-0 : II = 1, D = 7, States = { 3 4 5 6 7 8 9 }
* Dataflow Pipeline: 0

* FSM state transitions: 
1 --> 
	2  / true
2 --> 
	3  / (!exitcond1_i)
3 --> 
	10  / (exitcond_i)
	4  / (!exitcond_i)
4 --> 
	5  / true
5 --> 
	6  / true
6 --> 
	7  / true
7 --> 
	8  / true
8 --> 
	9  / true
9 --> 
	3  / true
10 --> 
	2  / true

* FSM state operations: 

 <State 1> : 1.77ns
ST_1 : Operation 11 [1/1] (0.00ns)   --->   "%cols_read = call i32 @_ssdm_op_Read.ap_auto.i32(i32 %cols)"
ST_1 : Operation 12 [1/1] (0.00ns)   --->   "%rows_read = call i32 @_ssdm_op_Read.ap_auto.i32(i32 %rows)"
ST_1 : Operation 13 [1/1] (0.00ns)   --->   "%rows_1 = trunc i32 %rows_read to i10" [top.cpp:34]
ST_1 : Operation 14 [1/1] (0.00ns)   --->   "%cols_1 = trunc i32 %cols_read to i9" [top.cpp:34]
ST_1 : Operation 15 [1/1] (0.00ns)   --->   "call void (...)* @_ssdm_op_SpecInterface(i8* %YCrCb_IMG_data_strea_2_i, [8 x i8]* @ap_fifo_str, i32 0, i32 0, [1 x i8]* @p_str, i32 0, i32 0, [1 x i8]* @p_str, [1 x i8]* @p_str, [1 x i8]* @p_str, i32 2, i32 2, i32 16, i32 16, [1 x i8]* @p_str, [1 x i8]* @p_str)"
ST_1 : Operation 16 [1/1] (0.00ns)   --->   "call void (...)* @_ssdm_op_SpecInterface(i8* %YCrCb_IMG_data_strea_1_i, [8 x i8]* @ap_fifo_str, i32 0, i32 0, [1 x i8]* @p_str, i32 0, i32 0, [1 x i8]* @p_str, [1 x i8]* @p_str, [1 x i8]* @p_str, i32 2, i32 2, i32 16, i32 16, [1 x i8]* @p_str, [1 x i8]* @p_str)"
ST_1 : Operation 17 [1/1] (0.00ns)   --->   "call void (...)* @_ssdm_op_SpecInterface(i8* %YCrCb_IMG_data_strea_i, [8 x i8]* @ap_fifo_str, i32 0, i32 0, [1 x i8]* @p_str, i32 0, i32 0, [1 x i8]* @p_str, [1 x i8]* @p_str, [1 x i8]* @p_str, i32 2, i32 2, i32 16, i32 16, [1 x i8]* @p_str, [1 x i8]* @p_str)"
ST_1 : Operation 18 [1/1] (0.00ns)   --->   "call void (...)* @_ssdm_op_SpecInterface(i8* %src_mat_data_stream_s, [8 x i8]* @ap_fifo_str, i32 0, i32 0, [1 x i8]* @p_str, i32 0, i32 0, [1 x i8]* @p_str, [1 x i8]* @p_str, [1 x i8]* @p_str, i32 2, i32 2, i32 16, i32 16, [1 x i8]* @p_str, [1 x i8]* @p_str)"
ST_1 : Operation 19 [1/1] (0.00ns)   --->   "call void (...)* @_ssdm_op_SpecInterface(i8* %src_mat_data_stream_1, [8 x i8]* @ap_fifo_str, i32 0, i32 0, [1 x i8]* @p_str, i32 0, i32 0, [1 x i8]* @p_str, [1 x i8]* @p_str, [1 x i8]* @p_str, i32 2, i32 2, i32 16, i32 16, [1 x i8]* @p_str, [1 x i8]* @p_str)"
ST_1 : Operation 20 [1/1] (0.00ns)   --->   "call void (...)* @_ssdm_op_SpecInterface(i8* %src_mat_data_stream_2, [8 x i8]* @ap_fifo_str, i32 0, i32 0, [1 x i8]* @p_str, i32 0, i32 0, [1 x i8]* @p_str, [1 x i8]* @p_str, [1 x i8]* @p_str, i32 2, i32 2, i32 16, i32 16, [1 x i8]* @p_str, [1 x i8]* @p_str)"
ST_1 : Operation 21 [1/1] (0.00ns)   --->   "call void (...)* @_ssdm_op_SpecInterface(i9 %cols_1, [10 x i8]* @ap_stable_str, i32 0, i32 0, [1 x i8]* @p_str, i32 0, i32 0, [1 x i8]* @p_str, [1 x i8]* @p_str, [1 x i8]* @p_str, i32 2, i32 2, i32 16, i32 16, [1 x i8]* @p_str, [1 x i8]* @p_str)" [top.cpp:34]
ST_1 : Operation 22 [1/1] (0.00ns)   --->   "call void (...)* @_ssdm_op_SpecInterface(i10 %rows_1, [10 x i8]* @ap_stable_str, i32 0, i32 0, [1 x i8]* @p_str, i32 0, i32 0, [1 x i8]* @p_str, [1 x i8]* @p_str, [1 x i8]* @p_str, i32 2, i32 2, i32 16, i32 16, [1 x i8]* @p_str, [1 x i8]* @p_str)" [top.cpp:34]
ST_1 : Operation 23 [1/1] (1.76ns)   --->   "br label %0" [D:/studyapp_new/VIVADO/vivado201704/Vivado/2017.4/common/technology/autopilot/hls/hls_video_imgproc.h:1947->imgprocess.cpp:34->imgprocess.cpp:9->top.cpp:36]

 <State 2> : 2.70ns
ST_2 : Operation 24 [1/1] (0.00ns)   --->   "%i_i = phi i10 [ 0, %entry ], [ %i, %3 ]"
ST_2 : Operation 25 [1/1] (0.00ns)   --->   "call void (...)* @_ssdm_op_SpecLoopTripCount(i64 1, i64 720, i64 0)"
ST_2 : Operation 26 [1/1] (1.77ns)   --->   "%exitcond1_i = icmp eq i10 %i_i, %rows_1" [D:/studyapp_new/VIVADO/vivado201704/Vivado/2017.4/common/technology/autopilot/hls/hls_video_imgproc.h:1947->imgprocess.cpp:34->imgprocess.cpp:9->top.cpp:36]   --->   Core 25 'Cmp' <Latency = 0> <II = 1> <Delay = 1.77> <FuncUnit> <Opcode : 'icmp'> <InPorts = 2> <OutPorts = 1>
ST_2 : Operation 27 [1/1] (1.95ns)   --->   "%i = add i10 %i_i, 1" [D:/studyapp_new/VIVADO/vivado201704/Vivado/2017.4/common/technology/autopilot/hls/hls_video_imgproc.h:1947->imgprocess.cpp:34->imgprocess.cpp:9->top.cpp:36]   --->   Core 14 'AddSub' <Latency = 0> <II = 1> <Delay = 1.95> <FuncUnit> <Opcode : 'add' 'sub'> <InPorts = 2> <OutPorts = 1>
ST_2 : Operation 28 [1/1] (0.00ns)   --->   "br i1 %exitcond1_i, label %CvtColor.exit, label %1" [D:/studyapp_new/VIVADO/vivado201704/Vivado/2017.4/common/technology/autopilot/hls/hls_video_imgproc.h:1947->imgprocess.cpp:34->imgprocess.cpp:9->top.cpp:36]
ST_2 : Operation 29 [1/1] (0.00ns)   --->   "call void (...)* @_ssdm_op_SpecLoopName([12 x i8]* @p_str27) nounwind" [D:/studyapp_new/VIVADO/vivado201704/Vivado/2017.4/common/technology/autopilot/hls/hls_video_imgproc.h:1947->imgprocess.cpp:34->imgprocess.cpp:9->top.cpp:36]
ST_2 : Operation 30 [1/1] (0.00ns)   --->   "%tmp_i = call i32 (...)* @_ssdm_op_SpecRegionBegin([12 x i8]* @p_str27)" [D:/studyapp_new/VIVADO/vivado201704/Vivado/2017.4/common/technology/autopilot/hls/hls_video_imgproc.h:1947->imgprocess.cpp:34->imgprocess.cpp:9->top.cpp:36]
ST_2 : Operation 31 [1/1] (1.76ns)   --->   "br label %2" [D:/studyapp_new/VIVADO/vivado201704/Vivado/2017.4/common/technology/autopilot/hls/hls_video_imgproc.h:1948->imgprocess.cpp:34->imgprocess.cpp:9->top.cpp:36]
ST_2 : Operation 32 [1/1] (0.00ns)   --->   "ret void"

 <State 3> : 1.94ns
ST_3 : Operation 33 [1/1] (0.00ns)   --->   "%j_i = phi i9 [ 0, %1 ], [ %j, %"operator>>.exit.i" ]"
ST_3 : Operation 34 [1/1] (0.00ns)   --->   "call void (...)* @_ssdm_op_SpecLoopTripCount(i64 1, i64 480, i64 0)"
ST_3 : Operation 35 [1/1] (1.66ns)   --->   "%exitcond_i = icmp eq i9 %j_i, %cols_1" [D:/studyapp_new/VIVADO/vivado201704/Vivado/2017.4/common/technology/autopilot/hls/hls_video_imgproc.h:1948->imgprocess.cpp:34->imgprocess.cpp:9->top.cpp:36]   --->   Core 25 'Cmp' <Latency = 0> <II = 1> <Delay = 1.77> <FuncUnit> <Opcode : 'icmp'> <InPorts = 2> <OutPorts = 1>
ST_3 : Operation 36 [1/1] (1.93ns)   --->   "%j = add i9 %j_i, 1" [D:/studyapp_new/VIVADO/vivado201704/Vivado/2017.4/common/technology/autopilot/hls/hls_video_imgproc.h:1948->imgprocess.cpp:34->imgprocess.cpp:9->top.cpp:36]   --->   Core 14 'AddSub' <Latency = 0> <II = 1> <Delay = 1.95> <FuncUnit> <Opcode : 'add' 'sub'> <InPorts = 2> <OutPorts = 1>
ST_3 : Operation 37 [1/1] (0.00ns)   --->   "br i1 %exitcond_i, label %3, label %"operator>>.exit.i"" [D:/studyapp_new/VIVADO/vivado201704/Vivado/2017.4/common/technology/autopilot/hls/hls_video_imgproc.h:1948->imgprocess.cpp:34->imgprocess.cpp:9->top.cpp:36]

 <State 4> : 3.63ns
ST_4 : Operation 38 [1/1] (0.00ns)   --->   "%tmp_23_i = call i32 (...)* @_ssdm_op_SpecRegionBegin([12 x i8]* @p_str55)" [D:/studyapp_new/VIVADO/vivado201704/Vivado/2017.4/common/technology/autopilot/hls/hls_video_core.h:617->D:/studyapp_new/VIVADO/vivado201704/Vivado/2017.4/common/technology/autopilot/hls/hls_video_core.h:656->D:/studyapp_new/VIVADO/vivado201704/Vivado/2017.4/common/technology/autopilot/hls/hls_video_imgproc.h:1951->imgprocess.cpp:34->imgprocess.cpp:9->top.cpp:36]
ST_4 : Operation 39 [1/1] (0.00ns)   --->   "call void (...)* @_ssdm_op_SpecProtocol(i32 0, [1 x i8]* @p_str) nounwind" [D:/studyapp_new/VIVADO/vivado201704/Vivado/2017.4/common/technology/autopilot/hls/hls_video_core.h:621->D:/studyapp_new/VIVADO/vivado201704/Vivado/2017.4/common/technology/autopilot/hls/hls_video_core.h:656->D:/studyapp_new/VIVADO/vivado201704/Vivado/2017.4/common/technology/autopilot/hls/hls_video_imgproc.h:1951->imgprocess.cpp:34->imgprocess.cpp:9->top.cpp:36]
ST_4 : Operation 40 [1/1] (3.63ns)   --->   "%tmp_76 = call i8 @_ssdm_op_Read.ap_fifo.volatile.i8P(i8* %src_mat_data_stream_s)" [D:/studyapp_new/VIVADO/vivado201704/Vivado/2017.4/common/technology/autopilot/hls/hls_video_core.h:624->D:/studyapp_new/VIVADO/vivado201704/Vivado/2017.4/common/technology/autopilot/hls/hls_video_core.h:656->D:/studyapp_new/VIVADO/vivado201704/Vivado/2017.4/common/technology/autopilot/hls/hls_video_imgproc.h:1951->imgprocess.cpp:34->imgprocess.cpp:9->top.cpp:36]   --->   Core 32 'FIFO' <Latency = 0> <II = 1> <Delay = 3.63> <Storage> <Opcode : 'read' 'write' 'nbread' 'nbwrite'> <Ports = 0> <Width = 8> <Depth = 1> <FIFO>
ST_4 : Operation 41 [1/1] (3.63ns)   --->   "%tmp_77 = call i8 @_ssdm_op_Read.ap_fifo.volatile.i8P(i8* %src_mat_data_stream_1)" [D:/studyapp_new/VIVADO/vivado201704/Vivado/2017.4/common/technology/autopilot/hls/hls_video_core.h:624->D:/studyapp_new/VIVADO/vivado201704/Vivado/2017.4/common/technology/autopilot/hls/hls_video_core.h:656->D:/studyapp_new/VIVADO/vivado201704/Vivado/2017.4/common/technology/autopilot/hls/hls_video_imgproc.h:1951->imgprocess.cpp:34->imgprocess.cpp:9->top.cpp:36]   --->   Core 32 'FIFO' <Latency = 0> <II = 1> <Delay = 3.63> <Storage> <Opcode : 'read' 'write' 'nbread' 'nbwrite'> <Ports = 0> <Width = 8> <Depth = 1> <FIFO>
ST_4 : Operation 42 [1/1] (3.63ns)   --->   "%tmp_78 = call i8 @_ssdm_op_Read.ap_fifo.volatile.i8P(i8* %src_mat_data_stream_2)" [D:/studyapp_new/VIVADO/vivado201704/Vivado/2017.4/common/technology/autopilot/hls/hls_video_core.h:624->D:/studyapp_new/VIVADO/vivado201704/Vivado/2017.4/common/technology/autopilot/hls/hls_video_core.h:656->D:/studyapp_new/VIVADO/vivado201704/Vivado/2017.4/common/technology/autopilot/hls/hls_video_imgproc.h:1951->imgprocess.cpp:34->imgprocess.cpp:9->top.cpp:36]   --->   Core 32 'FIFO' <Latency = 0> <II = 1> <Delay = 3.63> <Storage> <Opcode : 'read' 'write' 'nbread' 'nbwrite'> <Ports = 0> <Width = 8> <Depth = 1> <FIFO>
ST_4 : Operation 43 [1/1] (0.00ns)   --->   "%empty = call i32 (...)* @_ssdm_op_SpecRegionEnd([12 x i8]* @p_str55, i32 %tmp_23_i)" [D:/studyapp_new/VIVADO/vivado201704/Vivado/2017.4/common/technology/autopilot/hls/hls_video_core.h:626->D:/studyapp_new/VIVADO/vivado201704/Vivado/2017.4/common/technology/autopilot/hls/hls_video_core.h:656->D:/studyapp_new/VIVADO/vivado201704/Vivado/2017.4/common/technology/autopilot/hls/hls_video_imgproc.h:1951->imgprocess.cpp:34->imgprocess.cpp:9->top.cpp:36]

 <State 5> : 6.38ns
ST_5 : Operation 44 [1/1] (0.00ns)   --->   "%OP2_V_cast_i_i = zext i8 %tmp_76 to i29" [D:/studyapp_new/VIVADO/vivado201704/Vivado/2017.4/common/technology/autopilot/hls/hls_video_imgproc.h:1477->D:/studyapp_new/VIVADO/vivado201704/Vivado/2017.4/common/technology/autopilot/hls/hls_video_imgproc.h:1626->D:/studyapp_new/VIVADO/vivado201704/Vivado/2017.4/common/technology/autopilot/hls/hls_video_imgproc.h:1952->imgprocess.cpp:34->imgprocess.cpp:9->top.cpp:36]
ST_5 : Operation 45 [1/1] (6.38ns)   --->   "%r_V_4_i_i = mul i29 %OP2_V_cast_i_i, 1254096" [D:/studyapp_new/VIVADO/vivado201704/Vivado/2017.4/common/technology/autopilot/hls/hls_video_imgproc.h:1477->D:/studyapp_new/VIVADO/vivado201704/Vivado/2017.4/common/technology/autopilot/hls/hls_video_imgproc.h:1626->D:/studyapp_new/VIVADO/vivado201704/Vivado/2017.4/common/technology/autopilot/hls/hls_video_imgproc.h:1952->imgprocess.cpp:34->imgprocess.cpp:9->top.cpp:36]   --->   Core 61 'DSP48' <Latency = 0> <II = 1> <Delay = 6.38> <IPBlock> <Opcode : 'mul' 'add' 'sub' 'select'> <InPorts = 0> <OutPorts = 1> <Sync> <CReg>

 <State 6> : 9.40ns
ST_6 : Operation 46 [1/1] (0.00ns)   --->   "%OP2_V_1_cast_i_i = zext i8 %tmp_77 to i30" [D:/studyapp_new/VIVADO/vivado201704/Vivado/2017.4/common/technology/autopilot/hls/hls_video_imgproc.h:1477->D:/studyapp_new/VIVADO/vivado201704/Vivado/2017.4/common/technology/autopilot/hls/hls_video_imgproc.h:1626->D:/studyapp_new/VIVADO/vivado201704/Vivado/2017.4/common/technology/autopilot/hls/hls_video_imgproc.h:1952->imgprocess.cpp:34->imgprocess.cpp:9->top.cpp:36]
ST_6 : Operation 47 [1/1] (3.36ns)   --->   "%r_V_5_i_i = mul i30 %OP2_V_1_cast_i_i, 2462056" [D:/studyapp_new/VIVADO/vivado201704/Vivado/2017.4/common/technology/autopilot/hls/hls_video_imgproc.h:1477->D:/studyapp_new/VIVADO/vivado201704/Vivado/2017.4/common/technology/autopilot/hls/hls_video_imgproc.h:1626->D:/studyapp_new/VIVADO/vivado201704/Vivado/2017.4/common/technology/autopilot/hls/hls_video_imgproc.h:1952->imgprocess.cpp:34->imgprocess.cpp:9->top.cpp:36]   --->   Core 61 'DSP48' <Latency = 0> <II = 1> <Delay = 6.38> <IPBlock> <Opcode : 'mul' 'add' 'sub' 'select'> <InPorts = 0> <OutPorts = 1> <Sync> <CReg>
ST_6 : Operation 48 [1/1] (0.00ns)   --->   "%OP2_V_2_cast_i_i = zext i8 %tmp_78 to i28" [D:/studyapp_new/VIVADO/vivado201704/Vivado/2017.4/common/technology/autopilot/hls/hls_video_imgproc.h:1475->D:/studyapp_new/VIVADO/vivado201704/Vivado/2017.4/common/technology/autopilot/hls/hls_video_imgproc.h:1626->D:/studyapp_new/VIVADO/vivado201704/Vivado/2017.4/common/technology/autopilot/hls/hls_video_imgproc.h:1952->imgprocess.cpp:34->imgprocess.cpp:9->top.cpp:36]
ST_6 : Operation 49 [1/1] (3.36ns)   --->   "%r_V = mul i28 %OP2_V_2_cast_i_i, 478150" [D:/studyapp_new/VIVADO/vivado201704/Vivado/2017.4/common/technology/autopilot/hls/hls_video_imgproc.h:1475->D:/studyapp_new/VIVADO/vivado201704/Vivado/2017.4/common/technology/autopilot/hls/hls_video_imgproc.h:1626->D:/studyapp_new/VIVADO/vivado201704/Vivado/2017.4/common/technology/autopilot/hls/hls_video_imgproc.h:1952->imgprocess.cpp:34->imgprocess.cpp:9->top.cpp:36]   --->   Core 61 'DSP48' <Latency = 0> <II = 1> <Delay = 6.38> <IPBlock> <Opcode : 'mul' 'add' 'sub' 'select'> <InPorts = 0> <OutPorts = 1> <Sync> <CReg>
ST_6 : Operation 50 [1/1] (0.00ns)   --->   "%tmp_2_cast_i_i = zext i28 %r_V to i29" [D:/studyapp_new/VIVADO/vivado201704/Vivado/2017.4/common/technology/autopilot/hls/hls_video_imgproc.h:1477->D:/studyapp_new/VIVADO/vivado201704/Vivado/2017.4/common/technology/autopilot/hls/hls_video_imgproc.h:1626->D:/studyapp_new/VIVADO/vivado201704/Vivado/2017.4/common/technology/autopilot/hls/hls_video_imgproc.h:1952->imgprocess.cpp:34->imgprocess.cpp:9->top.cpp:36]
ST_6 : Operation 51 [1/1] (3.02ns)   --->   "%p_Val2_6 = add i29 %r_V_4_i_i, %tmp_2_cast_i_i" [D:/studyapp_new/VIVADO/vivado201704/Vivado/2017.4/common/technology/autopilot/hls/hls_video_imgproc.h:1477->D:/studyapp_new/VIVADO/vivado201704/Vivado/2017.4/common/technology/autopilot/hls/hls_video_imgproc.h:1626->D:/studyapp_new/VIVADO/vivado201704/Vivado/2017.4/common/technology/autopilot/hls/hls_video_imgproc.h:1952->imgprocess.cpp:34->imgprocess.cpp:9->top.cpp:36]   --->   Core 61 'DSP48' <Latency = 0> <II = 1> <Delay = 6.38> <IPBlock> <Opcode : 'mul' 'add' 'sub' 'select'> <InPorts = 0> <OutPorts = 1> <Sync> <CReg>
ST_6 : Operation 52 [1/1] (0.00ns)   --->   "%tmp_cast_i_i = zext i29 %p_Val2_6 to i30" [D:/studyapp_new/VIVADO/vivado201704/Vivado/2017.4/common/technology/autopilot/hls/hls_video_imgproc.h:1477->D:/studyapp_new/VIVADO/vivado201704/Vivado/2017.4/common/technology/autopilot/hls/hls_video_imgproc.h:1626->D:/studyapp_new/VIVADO/vivado201704/Vivado/2017.4/common/technology/autopilot/hls/hls_video_imgproc.h:1952->imgprocess.cpp:34->imgprocess.cpp:9->top.cpp:36]
ST_6 : Operation 53 [1/1] (3.02ns)   --->   "%r_V_1 = add i30 %r_V_5_i_i, %tmp_cast_i_i" [D:/studyapp_new/VIVADO/vivado201704/Vivado/2017.4/common/technology/autopilot/hls/hls_video_imgproc.h:1477->D:/studyapp_new/VIVADO/vivado201704/Vivado/2017.4/common/technology/autopilot/hls/hls_video_imgproc.h:1626->D:/studyapp_new/VIVADO/vivado201704/Vivado/2017.4/common/technology/autopilot/hls/hls_video_imgproc.h:1952->imgprocess.cpp:34->imgprocess.cpp:9->top.cpp:36]   --->   Core 61 'DSP48' <Latency = 0> <II = 1> <Delay = 6.38> <IPBlock> <Opcode : 'mul' 'add' 'sub' 'select'> <InPorts = 0> <OutPorts = 1> <Sync> <CReg>
ST_6 : Operation 54 [1/1] (0.00ns)   --->   "%p_Val2_8 = call i8 @_ssdm_op_PartSelect.i8.i30.i32.i32(i30 %r_V_1, i32 22, i32 29)" [D:/studyapp_new/VIVADO/vivado201704/Vivado/2017.4/common/technology/autopilot/hls/hls_video_types.h:409->D:/studyapp_new/VIVADO/vivado201704/Vivado/2017.4/common/technology/autopilot/hls/hls_video_types.h:500->D:/studyapp_new/VIVADO/vivado201704/Vivado/2017.4/common/technology/autopilot/hls/hls_video_imgproc.h:1478->D:/studyapp_new/VIVADO/vivado201704/Vivado/2017.4/common/technology/autopilot/hls/hls_video_imgproc.h:1626->D:/studyapp_new/VIVADO/vivado201704/Vivado/2017.4/common/technology/autopilot/hls/hls_video_imgproc.h:1952->imgprocess.cpp:34->imgprocess.cpp:9->top.cpp:36]
ST_6 : Operation 55 [1/1] (0.00ns)   --->   "%tmp = call i1 @_ssdm_op_BitSelect.i1.i30.i32(i30 %r_V_1, i32 21)" [D:/studyapp_new/VIVADO/vivado201704/Vivado/2017.4/common/technology/autopilot/hls/hls_video_types.h:409->D:/studyapp_new/VIVADO/vivado201704/Vivado/2017.4/common/technology/autopilot/hls/hls_video_types.h:500->D:/studyapp_new/VIVADO/vivado201704/Vivado/2017.4/common/technology/autopilot/hls/hls_video_imgproc.h:1478->D:/studyapp_new/VIVADO/vivado201704/Vivado/2017.4/common/technology/autopilot/hls/hls_video_imgproc.h:1626->D:/studyapp_new/VIVADO/vivado201704/Vivado/2017.4/common/technology/autopilot/hls/hls_video_imgproc.h:1952->imgprocess.cpp:34->imgprocess.cpp:9->top.cpp:36]

 <State 7> : 5.20ns
ST_7 : Operation 56 [1/1] (0.00ns)   --->   "%tmp_26_i_i_i_i = zext i1 %tmp to i8" [D:/studyapp_new/VIVADO/vivado201704/Vivado/2017.4/common/technology/autopilot/hls/hls_video_types.h:409->D:/studyapp_new/VIVADO/vivado201704/Vivado/2017.4/common/technology/autopilot/hls/hls_video_types.h:500->D:/studyapp_new/VIVADO/vivado201704/Vivado/2017.4/common/technology/autopilot/hls/hls_video_imgproc.h:1478->D:/studyapp_new/VIVADO/vivado201704/Vivado/2017.4/common/technology/autopilot/hls/hls_video_imgproc.h:1626->D:/studyapp_new/VIVADO/vivado201704/Vivado/2017.4/common/technology/autopilot/hls/hls_video_imgproc.h:1952->imgprocess.cpp:34->imgprocess.cpp:9->top.cpp:36]
ST_7 : Operation 57 [1/1] (0.00ns) (grouped into LUT with out node p_Val2_s)   --->   "%tmp_63 = call i1 @_ssdm_op_BitSelect.i1.i30.i32(i30 %r_V_1, i32 29)" [D:/studyapp_new/VIVADO/vivado201704/Vivado/2017.4/common/technology/autopilot/hls/hls_video_types.h:409->D:/studyapp_new/VIVADO/vivado201704/Vivado/2017.4/common/technology/autopilot/hls/hls_video_types.h:500->D:/studyapp_new/VIVADO/vivado201704/Vivado/2017.4/common/technology/autopilot/hls/hls_video_imgproc.h:1478->D:/studyapp_new/VIVADO/vivado201704/Vivado/2017.4/common/technology/autopilot/hls/hls_video_imgproc.h:1626->D:/studyapp_new/VIVADO/vivado201704/Vivado/2017.4/common/technology/autopilot/hls/hls_video_imgproc.h:1952->imgprocess.cpp:34->imgprocess.cpp:9->top.cpp:36]
ST_7 : Operation 58 [1/1] (1.91ns)   --->   "%p_Val2_9 = add i8 %p_Val2_8, %tmp_26_i_i_i_i" [D:/studyapp_new/VIVADO/vivado201704/Vivado/2017.4/common/technology/autopilot/hls/hls_video_types.h:409->D:/studyapp_new/VIVADO/vivado201704/Vivado/2017.4/common/technology/autopilot/hls/hls_video_types.h:500->D:/studyapp_new/VIVADO/vivado201704/Vivado/2017.4/common/technology/autopilot/hls/hls_video_imgproc.h:1478->D:/studyapp_new/VIVADO/vivado201704/Vivado/2017.4/common/technology/autopilot/hls/hls_video_imgproc.h:1626->D:/studyapp_new/VIVADO/vivado201704/Vivado/2017.4/common/technology/autopilot/hls/hls_video_imgproc.h:1952->imgprocess.cpp:34->imgprocess.cpp:9->top.cpp:36]   --->   Core 14 'AddSub' <Latency = 0> <II = 1> <Delay = 1.95> <FuncUnit> <Opcode : 'add' 'sub'> <InPorts = 2> <OutPorts = 1>
ST_7 : Operation 59 [1/1] (0.00ns) (grouped into LUT with out node p_Val2_s)   --->   "%tmp_64 = call i1 @_ssdm_op_BitSelect.i1.i8.i32(i8 %p_Val2_9, i32 7)" [D:/studyapp_new/VIVADO/vivado201704/Vivado/2017.4/common/technology/autopilot/hls/hls_video_types.h:409->D:/studyapp_new/VIVADO/vivado201704/Vivado/2017.4/common/technology/autopilot/hls/hls_video_types.h:500->D:/studyapp_new/VIVADO/vivado201704/Vivado/2017.4/common/technology/autopilot/hls/hls_video_imgproc.h:1478->D:/studyapp_new/VIVADO/vivado201704/Vivado/2017.4/common/technology/autopilot/hls/hls_video_imgproc.h:1626->D:/studyapp_new/VIVADO/vivado201704/Vivado/2017.4/common/technology/autopilot/hls/hls_video_imgproc.h:1952->imgprocess.cpp:34->imgprocess.cpp:9->top.cpp:36]
ST_7 : Operation 60 [1/1] (0.00ns) (grouped into LUT with out node p_Val2_s)   --->   "%p_Result_9_i_i_not = xor i1 %tmp_63, true" [D:/studyapp_new/VIVADO/vivado201704/Vivado/2017.4/common/technology/autopilot/hls/hls_video_types.h:409->D:/studyapp_new/VIVADO/vivado201704/Vivado/2017.4/common/technology/autopilot/hls/hls_video_types.h:500->D:/studyapp_new/VIVADO/vivado201704/Vivado/2017.4/common/technology/autopilot/hls/hls_video_imgproc.h:1478->D:/studyapp_new/VIVADO/vivado201704/Vivado/2017.4/common/technology/autopilot/hls/hls_video_imgproc.h:1626->D:/studyapp_new/VIVADO/vivado201704/Vivado/2017.4/common/technology/autopilot/hls/hls_video_imgproc.h:1952->imgprocess.cpp:34->imgprocess.cpp:9->top.cpp:36]   --->   Core 27 'LogicGate' <Latency = 0> <II = 1> <Delay = 0.93> <FuncUnit> <Opcode : 'and' 'or' 'xor'> <InPorts = 2> <OutPorts = 1>
ST_7 : Operation 61 [1/1] (0.00ns) (grouped into LUT with out node p_Val2_s)   --->   "%not_carry_i_i = or i1 %tmp_64, %p_Result_9_i_i_not" [D:/studyapp_new/VIVADO/vivado201704/Vivado/2017.4/common/technology/autopilot/hls/hls_video_types.h:409->D:/studyapp_new/VIVADO/vivado201704/Vivado/2017.4/common/technology/autopilot/hls/hls_video_types.h:500->D:/studyapp_new/VIVADO/vivado201704/Vivado/2017.4/common/technology/autopilot/hls/hls_video_imgproc.h:1478->D:/studyapp_new/VIVADO/vivado201704/Vivado/2017.4/common/technology/autopilot/hls/hls_video_imgproc.h:1626->D:/studyapp_new/VIVADO/vivado201704/Vivado/2017.4/common/technology/autopilot/hls/hls_video_imgproc.h:1952->imgprocess.cpp:34->imgprocess.cpp:9->top.cpp:36]   --->   Core 27 'LogicGate' <Latency = 0> <II = 1> <Delay = 0.93> <FuncUnit> <Opcode : 'and' 'or' 'xor'> <InPorts = 2> <OutPorts = 1>
ST_7 : Operation 62 [1/1] (1.37ns) (out node of the LUT)   --->   "%p_Val2_s = select i1 %not_carry_i_i, i8 %p_Val2_9, i8 -1" [D:/studyapp_new/VIVADO/vivado201704/Vivado/2017.4/common/technology/autopilot/hls/hls_video_types.h:409->D:/studyapp_new/VIVADO/vivado201704/Vivado/2017.4/common/technology/autopilot/hls/hls_video_types.h:500->D:/studyapp_new/VIVADO/vivado201704/Vivado/2017.4/common/technology/autopilot/hls/hls_video_imgproc.h:1478->D:/studyapp_new/VIVADO/vivado201704/Vivado/2017.4/common/technology/autopilot/hls/hls_video_imgproc.h:1626->D:/studyapp_new/VIVADO/vivado201704/Vivado/2017.4/common/technology/autopilot/hls/hls_video_imgproc.h:1952->imgprocess.cpp:34->imgprocess.cpp:9->top.cpp:36]   --->   Core 26 'Sel' <Latency = 0> <II = 1> <Delay = 1.37> <FuncUnit> <Opcode : 'select'> <InPorts = 3> <OutPorts = 1>
ST_7 : Operation 63 [1/1] (0.00ns)   --->   "%tmp_30_cast_i_i = zext i8 %tmp_76 to i9" [D:/studyapp_new/VIVADO/vivado201704/Vivado/2017.4/common/technology/autopilot/hls/hls_video_imgproc.h:1628->D:/studyapp_new/VIVADO/vivado201704/Vivado/2017.4/common/technology/autopilot/hls/hls_video_imgproc.h:1952->imgprocess.cpp:34->imgprocess.cpp:9->top.cpp:36]
ST_7 : Operation 64 [1/1] (0.00ns)   --->   "%tmp_31_cast_i_i = zext i8 %p_Val2_s to i9" [D:/studyapp_new/VIVADO/vivado201704/Vivado/2017.4/common/technology/autopilot/hls/hls_video_imgproc.h:1628->D:/studyapp_new/VIVADO/vivado201704/Vivado/2017.4/common/technology/autopilot/hls/hls_video_imgproc.h:1952->imgprocess.cpp:34->imgprocess.cpp:9->top.cpp:36]
ST_7 : Operation 65 [1/1] (1.91ns)   --->   "%i_op_assign_3_i = sub i9 %tmp_30_cast_i_i, %tmp_31_cast_i_i" [D:/studyapp_new/VIVADO/vivado201704/Vivado/2017.4/common/technology/autopilot/hls/hls_video_imgproc.h:1628->D:/studyapp_new/VIVADO/vivado201704/Vivado/2017.4/common/technology/autopilot/hls/hls_video_imgproc.h:1952->imgprocess.cpp:34->imgprocess.cpp:9->top.cpp:36]   --->   Core 14 'AddSub' <Latency = 0> <II = 1> <Delay = 1.95> <FuncUnit> <Opcode : 'add' 'sub'> <InPorts = 2> <OutPorts = 1>
ST_7 : Operation 66 [1/1] (0.00ns)   --->   "%tmp_33_cast_i_i = zext i8 %tmp_78 to i9" [D:/studyapp_new/VIVADO/vivado201704/Vivado/2017.4/common/technology/autopilot/hls/hls_video_imgproc.h:1629->D:/studyapp_new/VIVADO/vivado201704/Vivado/2017.4/common/technology/autopilot/hls/hls_video_imgproc.h:1952->imgprocess.cpp:34->imgprocess.cpp:9->top.cpp:36]
ST_7 : Operation 67 [1/1] (1.91ns)   --->   "%i_op_assign_4_i = sub i9 %tmp_33_cast_i_i, %tmp_31_cast_i_i" [D:/studyapp_new/VIVADO/vivado201704/Vivado/2017.4/common/technology/autopilot/hls/hls_video_imgproc.h:1629->D:/studyapp_new/VIVADO/vivado201704/Vivado/2017.4/common/technology/autopilot/hls/hls_video_imgproc.h:1952->imgprocess.cpp:34->imgprocess.cpp:9->top.cpp:36]   --->   Core 14 'AddSub' <Latency = 0> <II = 1> <Delay = 1.95> <FuncUnit> <Opcode : 'add' 'sub'> <InPorts = 2> <OutPorts = 1>

 <State 8> : 10.60ns
ST_8 : Operation 68 [1/1] (0.00ns)   --->   "%i_op_assign_cast_i_i = sext i9 %i_op_assign_3_i to i32" [D:/studyapp_new/VIVADO/vivado201704/Vivado/2017.4/common/technology/autopilot/hls/hls_video_imgproc.h:1628->D:/studyapp_new/VIVADO/vivado201704/Vivado/2017.4/common/technology/autopilot/hls/hls_video_imgproc.h:1952->imgprocess.cpp:34->imgprocess.cpp:9->top.cpp:36]
ST_8 : Operation 69 [1/1] (3.36ns)   --->   "%p_Val2_11 = mul i32 %i_op_assign_cast_i_i, 2990538" [D:/studyapp_new/VIVADO/vivado201704/Vivado/2017.4/common/technology/autopilot/hls/hls_video_imgproc.h:1628->D:/studyapp_new/VIVADO/vivado201704/Vivado/2017.4/common/technology/autopilot/hls/hls_video_imgproc.h:1952->imgprocess.cpp:34->imgprocess.cpp:9->top.cpp:36]   --->   Core 61 'DSP48' <Latency = 0> <II = 1> <Delay = 6.38> <IPBlock> <Opcode : 'mul' 'add' 'sub' 'select'> <InPorts = 0> <OutPorts = 1> <Sync> <CReg>
ST_8 : Operation 70 [1/1] (3.02ns)   --->   "%r_V_2 = add i32 %p_Val2_11, 536870912" [D:/studyapp_new/VIVADO/vivado201704/Vivado/2017.4/common/technology/autopilot/hls/hls_video_imgproc.h:1628->D:/studyapp_new/VIVADO/vivado201704/Vivado/2017.4/common/technology/autopilot/hls/hls_video_imgproc.h:1952->imgprocess.cpp:34->imgprocess.cpp:9->top.cpp:36]   --->   Core 61 'DSP48' <Latency = 0> <II = 1> <Delay = 6.38> <IPBlock> <Opcode : 'mul' 'add' 'sub' 'select'> <InPorts = 0> <OutPorts = 1> <Sync> <CReg>
ST_8 : Operation 71 [1/1] (0.00ns)   --->   "%signbit = call i1 @_ssdm_op_BitSelect.i1.i32.i32(i32 %r_V_2, i32 31)" [D:/studyapp_new/VIVADO/vivado201704/Vivado/2017.4/common/technology/autopilot/hls/hls_video_types.h:417->D:/studyapp_new/VIVADO/vivado201704/Vivado/2017.4/common/technology/autopilot/hls/hls_video_types.h:500->D:/studyapp_new/VIVADO/vivado201704/Vivado/2017.4/common/technology/autopilot/hls/hls_video_imgproc.h:1628->D:/studyapp_new/VIVADO/vivado201704/Vivado/2017.4/common/technology/autopilot/hls/hls_video_imgproc.h:1952->imgprocess.cpp:34->imgprocess.cpp:9->top.cpp:36]
ST_8 : Operation 72 [1/1] (0.00ns)   --->   "%p_Val2_13 = call i8 @_ssdm_op_PartSelect.i8.i32.i32.i32(i32 %r_V_2, i32 22, i32 29)" [D:/studyapp_new/VIVADO/vivado201704/Vivado/2017.4/common/technology/autopilot/hls/hls_video_types.h:417->D:/studyapp_new/VIVADO/vivado201704/Vivado/2017.4/common/technology/autopilot/hls/hls_video_types.h:500->D:/studyapp_new/VIVADO/vivado201704/Vivado/2017.4/common/technology/autopilot/hls/hls_video_imgproc.h:1628->D:/studyapp_new/VIVADO/vivado201704/Vivado/2017.4/common/technology/autopilot/hls/hls_video_imgproc.h:1952->imgprocess.cpp:34->imgprocess.cpp:9->top.cpp:36]
ST_8 : Operation 73 [1/1] (0.00ns)   --->   "%tmp_66 = call i1 @_ssdm_op_BitSelect.i1.i32.i32(i32 %r_V_2, i32 21)" [D:/studyapp_new/VIVADO/vivado201704/Vivado/2017.4/common/technology/autopilot/hls/hls_video_types.h:417->D:/studyapp_new/VIVADO/vivado201704/Vivado/2017.4/common/technology/autopilot/hls/hls_video_types.h:500->D:/studyapp_new/VIVADO/vivado201704/Vivado/2017.4/common/technology/autopilot/hls/hls_video_imgproc.h:1628->D:/studyapp_new/VIVADO/vivado201704/Vivado/2017.4/common/technology/autopilot/hls/hls_video_imgproc.h:1952->imgprocess.cpp:34->imgprocess.cpp:9->top.cpp:36]
ST_8 : Operation 74 [1/1] (0.00ns)   --->   "%tmp_23_i_i_i_i = zext i1 %tmp_66 to i8" [D:/studyapp_new/VIVADO/vivado201704/Vivado/2017.4/common/technology/autopilot/hls/hls_video_types.h:417->D:/studyapp_new/VIVADO/vivado201704/Vivado/2017.4/common/technology/autopilot/hls/hls_video_types.h:500->D:/studyapp_new/VIVADO/vivado201704/Vivado/2017.4/common/technology/autopilot/hls/hls_video_imgproc.h:1628->D:/studyapp_new/VIVADO/vivado201704/Vivado/2017.4/common/technology/autopilot/hls/hls_video_imgproc.h:1952->imgprocess.cpp:34->imgprocess.cpp:9->top.cpp:36]
ST_8 : Operation 75 [1/1] (0.00ns) (grouped into LUT with out node carry)   --->   "%tmp_67 = call i1 @_ssdm_op_BitSelect.i1.i32.i32(i32 %r_V_2, i32 29)" [D:/studyapp_new/VIVADO/vivado201704/Vivado/2017.4/common/technology/autopilot/hls/hls_video_types.h:417->D:/studyapp_new/VIVADO/vivado201704/Vivado/2017.4/common/technology/autopilot/hls/hls_video_types.h:500->D:/studyapp_new/VIVADO/vivado201704/Vivado/2017.4/common/technology/autopilot/hls/hls_video_imgproc.h:1628->D:/studyapp_new/VIVADO/vivado201704/Vivado/2017.4/common/technology/autopilot/hls/hls_video_imgproc.h:1952->imgprocess.cpp:34->imgprocess.cpp:9->top.cpp:36]
ST_8 : Operation 76 [1/1] (1.91ns)   --->   "%p_Val2_14 = add i8 %p_Val2_13, %tmp_23_i_i_i_i" [D:/studyapp_new/VIVADO/vivado201704/Vivado/2017.4/common/technology/autopilot/hls/hls_video_types.h:417->D:/studyapp_new/VIVADO/vivado201704/Vivado/2017.4/common/technology/autopilot/hls/hls_video_types.h:500->D:/studyapp_new/VIVADO/vivado201704/Vivado/2017.4/common/technology/autopilot/hls/hls_video_imgproc.h:1628->D:/studyapp_new/VIVADO/vivado201704/Vivado/2017.4/common/technology/autopilot/hls/hls_video_imgproc.h:1952->imgprocess.cpp:34->imgprocess.cpp:9->top.cpp:36]   --->   Core 14 'AddSub' <Latency = 0> <II = 1> <Delay = 1.95> <FuncUnit> <Opcode : 'add' 'sub'> <InPorts = 2> <OutPorts = 1>
ST_8 : Operation 77 [1/1] (0.00ns) (grouped into LUT with out node carry)   --->   "%tmp_68 = call i1 @_ssdm_op_BitSelect.i1.i8.i32(i8 %p_Val2_14, i32 7)" [D:/studyapp_new/VIVADO/vivado201704/Vivado/2017.4/common/technology/autopilot/hls/hls_video_types.h:417->D:/studyapp_new/VIVADO/vivado201704/Vivado/2017.4/common/technology/autopilot/hls/hls_video_types.h:500->D:/studyapp_new/VIVADO/vivado201704/Vivado/2017.4/common/technology/autopilot/hls/hls_video_imgproc.h:1628->D:/studyapp_new/VIVADO/vivado201704/Vivado/2017.4/common/technology/autopilot/hls/hls_video_imgproc.h:1952->imgprocess.cpp:34->imgprocess.cpp:9->top.cpp:36]
ST_8 : Operation 78 [1/1] (0.00ns) (grouped into LUT with out node carry)   --->   "%tmp_24_i_i_i_i = xor i1 %tmp_68, true" [D:/studyapp_new/VIVADO/vivado201704/Vivado/2017.4/common/technology/autopilot/hls/hls_video_types.h:417->D:/studyapp_new/VIVADO/vivado201704/Vivado/2017.4/common/technology/autopilot/hls/hls_video_types.h:500->D:/studyapp_new/VIVADO/vivado201704/Vivado/2017.4/common/technology/autopilot/hls/hls_video_imgproc.h:1628->D:/studyapp_new/VIVADO/vivado201704/Vivado/2017.4/common/technology/autopilot/hls/hls_video_imgproc.h:1952->imgprocess.cpp:34->imgprocess.cpp:9->top.cpp:36]   --->   Core 27 'LogicGate' <Latency = 0> <II = 1> <Delay = 0.93> <FuncUnit> <Opcode : 'and' 'or' 'xor'> <InPorts = 2> <OutPorts = 1>
ST_8 : Operation 79 [1/1] (0.93ns) (out node of the LUT)   --->   "%carry = and i1 %tmp_67, %tmp_24_i_i_i_i" [D:/studyapp_new/VIVADO/vivado201704/Vivado/2017.4/common/technology/autopilot/hls/hls_video_types.h:417->D:/studyapp_new/VIVADO/vivado201704/Vivado/2017.4/common/technology/autopilot/hls/hls_video_types.h:500->D:/studyapp_new/VIVADO/vivado201704/Vivado/2017.4/common/technology/autopilot/hls/hls_video_imgproc.h:1628->D:/studyapp_new/VIVADO/vivado201704/Vivado/2017.4/common/technology/autopilot/hls/hls_video_imgproc.h:1952->imgprocess.cpp:34->imgprocess.cpp:9->top.cpp:36]   --->   Core 27 'LogicGate' <Latency = 0> <II = 1> <Delay = 0.93> <FuncUnit> <Opcode : 'and' 'or' 'xor'> <InPorts = 2> <OutPorts = 1>
ST_8 : Operation 80 [1/1] (0.00ns)   --->   "%tmp_i_125 = call i2 @_ssdm_op_PartSelect.i2.i32.i32.i32(i32 %r_V_2, i32 30, i32 31)" [D:/studyapp_new/VIVADO/vivado201704/Vivado/2017.4/common/technology/autopilot/hls/hls_video_types.h:417->D:/studyapp_new/VIVADO/vivado201704/Vivado/2017.4/common/technology/autopilot/hls/hls_video_types.h:500->D:/studyapp_new/VIVADO/vivado201704/Vivado/2017.4/common/technology/autopilot/hls/hls_video_imgproc.h:1628->D:/studyapp_new/VIVADO/vivado201704/Vivado/2017.4/common/technology/autopilot/hls/hls_video_imgproc.h:1952->imgprocess.cpp:34->imgprocess.cpp:9->top.cpp:36]
ST_8 : Operation 81 [1/1] (0.95ns)   --->   "%Range1_all_ones = icmp eq i2 %tmp_i_125, -1" [D:/studyapp_new/VIVADO/vivado201704/Vivado/2017.4/common/technology/autopilot/hls/hls_video_types.h:417->D:/studyapp_new/VIVADO/vivado201704/Vivado/2017.4/common/technology/autopilot/hls/hls_video_types.h:500->D:/studyapp_new/VIVADO/vivado201704/Vivado/2017.4/common/technology/autopilot/hls/hls_video_imgproc.h:1628->D:/studyapp_new/VIVADO/vivado201704/Vivado/2017.4/common/technology/autopilot/hls/hls_video_imgproc.h:1952->imgprocess.cpp:34->imgprocess.cpp:9->top.cpp:36]   --->   Core 25 'Cmp' <Latency = 0> <II = 1> <Delay = 1.77> <FuncUnit> <Opcode : 'icmp'> <InPorts = 2> <OutPorts = 1>
ST_8 : Operation 82 [1/1] (0.95ns)   --->   "%Range1_all_zeros = icmp eq i2 %tmp_i_125, 0" [D:/studyapp_new/VIVADO/vivado201704/Vivado/2017.4/common/technology/autopilot/hls/hls_video_types.h:417->D:/studyapp_new/VIVADO/vivado201704/Vivado/2017.4/common/technology/autopilot/hls/hls_video_types.h:500->D:/studyapp_new/VIVADO/vivado201704/Vivado/2017.4/common/technology/autopilot/hls/hls_video_imgproc.h:1628->D:/studyapp_new/VIVADO/vivado201704/Vivado/2017.4/common/technology/autopilot/hls/hls_video_imgproc.h:1952->imgprocess.cpp:34->imgprocess.cpp:9->top.cpp:36]   --->   Core 25 'Cmp' <Latency = 0> <II = 1> <Delay = 1.77> <FuncUnit> <Opcode : 'icmp'> <InPorts = 2> <OutPorts = 1>
ST_8 : Operation 83 [1/1] (0.00ns) (grouped into LUT with out node p_39_demorgan_i_i_i_i)   --->   "%deleted_zeros = select i1 %carry, i1 %Range1_all_ones, i1 %Range1_all_zeros" [D:/studyapp_new/VIVADO/vivado201704/Vivado/2017.4/common/technology/autopilot/hls/hls_video_types.h:417->D:/studyapp_new/VIVADO/vivado201704/Vivado/2017.4/common/technology/autopilot/hls/hls_video_types.h:500->D:/studyapp_new/VIVADO/vivado201704/Vivado/2017.4/common/technology/autopilot/hls/hls_video_imgproc.h:1628->D:/studyapp_new/VIVADO/vivado201704/Vivado/2017.4/common/technology/autopilot/hls/hls_video_imgproc.h:1952->imgprocess.cpp:34->imgprocess.cpp:9->top.cpp:36]   --->   Core 26 'Sel' <Latency = 0> <II = 1> <Delay = 1.37> <FuncUnit> <Opcode : 'select'> <InPorts = 3> <OutPorts = 1>
ST_8 : Operation 84 [1/1] (0.93ns)   --->   "%p_38_i_i_i_i_i = and i1 %carry, %Range1_all_ones" [D:/studyapp_new/VIVADO/vivado201704/Vivado/2017.4/common/technology/autopilot/hls/hls_video_types.h:417->D:/studyapp_new/VIVADO/vivado201704/Vivado/2017.4/common/technology/autopilot/hls/hls_video_types.h:500->D:/studyapp_new/VIVADO/vivado201704/Vivado/2017.4/common/technology/autopilot/hls/hls_video_imgproc.h:1628->D:/studyapp_new/VIVADO/vivado201704/Vivado/2017.4/common/technology/autopilot/hls/hls_video_imgproc.h:1952->imgprocess.cpp:34->imgprocess.cpp:9->top.cpp:36]   --->   Core 27 'LogicGate' <Latency = 0> <II = 1> <Delay = 0.93> <FuncUnit> <Opcode : 'and' 'or' 'xor'> <InPorts = 2> <OutPorts = 1>
ST_8 : Operation 85 [1/1] (1.37ns) (out node of the LUT)   --->   "%p_39_demorgan_i_i_i_i = or i1 %deleted_zeros, %signbit" [D:/studyapp_new/VIVADO/vivado201704/Vivado/2017.4/common/technology/autopilot/hls/hls_video_types.h:417->D:/studyapp_new/VIVADO/vivado201704/Vivado/2017.4/common/technology/autopilot/hls/hls_video_types.h:500->D:/studyapp_new/VIVADO/vivado201704/Vivado/2017.4/common/technology/autopilot/hls/hls_video_imgproc.h:1628->D:/studyapp_new/VIVADO/vivado201704/Vivado/2017.4/common/technology/autopilot/hls/hls_video_imgproc.h:1952->imgprocess.cpp:34->imgprocess.cpp:9->top.cpp:36]   --->   Core 27 'LogicGate' <Latency = 0> <II = 1> <Delay = 0.93> <FuncUnit> <Opcode : 'and' 'or' 'xor'> <InPorts = 2> <OutPorts = 1>
ST_8 : Operation 86 [1/1] (0.00ns)   --->   "%i_op_assign_1_cast_i = sext i9 %i_op_assign_4_i to i32" [D:/studyapp_new/VIVADO/vivado201704/Vivado/2017.4/common/technology/autopilot/hls/hls_video_imgproc.h:1629->D:/studyapp_new/VIVADO/vivado201704/Vivado/2017.4/common/technology/autopilot/hls/hls_video_imgproc.h:1952->imgprocess.cpp:34->imgprocess.cpp:9->top.cpp:36]
ST_8 : Operation 87 [1/1] (3.36ns)   --->   "%p_Val2_16 = mul i32 %i_op_assign_1_cast_i, 2365587" [D:/studyapp_new/VIVADO/vivado201704/Vivado/2017.4/common/technology/autopilot/hls/hls_video_imgproc.h:1629->D:/studyapp_new/VIVADO/vivado201704/Vivado/2017.4/common/technology/autopilot/hls/hls_video_imgproc.h:1952->imgprocess.cpp:34->imgprocess.cpp:9->top.cpp:36]   --->   Core 61 'DSP48' <Latency = 0> <II = 1> <Delay = 6.38> <IPBlock> <Opcode : 'mul' 'add' 'sub' 'select'> <InPorts = 0> <OutPorts = 1> <Sync> <CReg>
ST_8 : Operation 88 [1/1] (3.02ns)   --->   "%r_V_3 = add i32 %p_Val2_16, 536870912" [D:/studyapp_new/VIVADO/vivado201704/Vivado/2017.4/common/technology/autopilot/hls/hls_video_imgproc.h:1629->D:/studyapp_new/VIVADO/vivado201704/Vivado/2017.4/common/technology/autopilot/hls/hls_video_imgproc.h:1952->imgprocess.cpp:34->imgprocess.cpp:9->top.cpp:36]   --->   Core 61 'DSP48' <Latency = 0> <II = 1> <Delay = 6.38> <IPBlock> <Opcode : 'mul' 'add' 'sub' 'select'> <InPorts = 0> <OutPorts = 1> <Sync> <CReg>
ST_8 : Operation 89 [1/1] (0.00ns)   --->   "%signbit_1 = call i1 @_ssdm_op_BitSelect.i1.i32.i32(i32 %r_V_3, i32 31)" [D:/studyapp_new/VIVADO/vivado201704/Vivado/2017.4/common/technology/autopilot/hls/hls_video_types.h:417->D:/studyapp_new/VIVADO/vivado201704/Vivado/2017.4/common/technology/autopilot/hls/hls_video_types.h:500->D:/studyapp_new/VIVADO/vivado201704/Vivado/2017.4/common/technology/autopilot/hls/hls_video_imgproc.h:1629->D:/studyapp_new/VIVADO/vivado201704/Vivado/2017.4/common/technology/autopilot/hls/hls_video_imgproc.h:1952->imgprocess.cpp:34->imgprocess.cpp:9->top.cpp:36]
ST_8 : Operation 90 [1/1] (0.00ns)   --->   "%p_Val2_18 = call i8 @_ssdm_op_PartSelect.i8.i32.i32.i32(i32 %r_V_3, i32 22, i32 29)" [D:/studyapp_new/VIVADO/vivado201704/Vivado/2017.4/common/technology/autopilot/hls/hls_video_types.h:417->D:/studyapp_new/VIVADO/vivado201704/Vivado/2017.4/common/technology/autopilot/hls/hls_video_types.h:500->D:/studyapp_new/VIVADO/vivado201704/Vivado/2017.4/common/technology/autopilot/hls/hls_video_imgproc.h:1629->D:/studyapp_new/VIVADO/vivado201704/Vivado/2017.4/common/technology/autopilot/hls/hls_video_imgproc.h:1952->imgprocess.cpp:34->imgprocess.cpp:9->top.cpp:36]
ST_8 : Operation 91 [1/1] (0.00ns)   --->   "%tmp_70 = call i1 @_ssdm_op_BitSelect.i1.i32.i32(i32 %r_V_3, i32 21)" [D:/studyapp_new/VIVADO/vivado201704/Vivado/2017.4/common/technology/autopilot/hls/hls_video_types.h:417->D:/studyapp_new/VIVADO/vivado201704/Vivado/2017.4/common/technology/autopilot/hls/hls_video_types.h:500->D:/studyapp_new/VIVADO/vivado201704/Vivado/2017.4/common/technology/autopilot/hls/hls_video_imgproc.h:1629->D:/studyapp_new/VIVADO/vivado201704/Vivado/2017.4/common/technology/autopilot/hls/hls_video_imgproc.h:1952->imgprocess.cpp:34->imgprocess.cpp:9->top.cpp:36]
ST_8 : Operation 92 [1/1] (0.00ns)   --->   "%tmp_23_i_i5_i_i = zext i1 %tmp_70 to i8" [D:/studyapp_new/VIVADO/vivado201704/Vivado/2017.4/common/technology/autopilot/hls/hls_video_types.h:417->D:/studyapp_new/VIVADO/vivado201704/Vivado/2017.4/common/technology/autopilot/hls/hls_video_types.h:500->D:/studyapp_new/VIVADO/vivado201704/Vivado/2017.4/common/technology/autopilot/hls/hls_video_imgproc.h:1629->D:/studyapp_new/VIVADO/vivado201704/Vivado/2017.4/common/technology/autopilot/hls/hls_video_imgproc.h:1952->imgprocess.cpp:34->imgprocess.cpp:9->top.cpp:36]
ST_8 : Operation 93 [1/1] (0.00ns) (grouped into LUT with out node carry_1)   --->   "%tmp_71 = call i1 @_ssdm_op_BitSelect.i1.i32.i32(i32 %r_V_3, i32 29)" [D:/studyapp_new/VIVADO/vivado201704/Vivado/2017.4/common/technology/autopilot/hls/hls_video_types.h:417->D:/studyapp_new/VIVADO/vivado201704/Vivado/2017.4/common/technology/autopilot/hls/hls_video_types.h:500->D:/studyapp_new/VIVADO/vivado201704/Vivado/2017.4/common/technology/autopilot/hls/hls_video_imgproc.h:1629->D:/studyapp_new/VIVADO/vivado201704/Vivado/2017.4/common/technology/autopilot/hls/hls_video_imgproc.h:1952->imgprocess.cpp:34->imgprocess.cpp:9->top.cpp:36]
ST_8 : Operation 94 [1/1] (1.91ns)   --->   "%p_Val2_19 = add i8 %p_Val2_18, %tmp_23_i_i5_i_i" [D:/studyapp_new/VIVADO/vivado201704/Vivado/2017.4/common/technology/autopilot/hls/hls_video_types.h:417->D:/studyapp_new/VIVADO/vivado201704/Vivado/2017.4/common/technology/autopilot/hls/hls_video_types.h:500->D:/studyapp_new/VIVADO/vivado201704/Vivado/2017.4/common/technology/autopilot/hls/hls_video_imgproc.h:1629->D:/studyapp_new/VIVADO/vivado201704/Vivado/2017.4/common/technology/autopilot/hls/hls_video_imgproc.h:1952->imgprocess.cpp:34->imgprocess.cpp:9->top.cpp:36]   --->   Core 14 'AddSub' <Latency = 0> <II = 1> <Delay = 1.95> <FuncUnit> <Opcode : 'add' 'sub'> <InPorts = 2> <OutPorts = 1>
ST_8 : Operation 95 [1/1] (0.00ns) (grouped into LUT with out node carry_1)   --->   "%tmp_72 = call i1 @_ssdm_op_BitSelect.i1.i8.i32(i8 %p_Val2_19, i32 7)" [D:/studyapp_new/VIVADO/vivado201704/Vivado/2017.4/common/technology/autopilot/hls/hls_video_types.h:417->D:/studyapp_new/VIVADO/vivado201704/Vivado/2017.4/common/technology/autopilot/hls/hls_video_types.h:500->D:/studyapp_new/VIVADO/vivado201704/Vivado/2017.4/common/technology/autopilot/hls/hls_video_imgproc.h:1629->D:/studyapp_new/VIVADO/vivado201704/Vivado/2017.4/common/technology/autopilot/hls/hls_video_imgproc.h:1952->imgprocess.cpp:34->imgprocess.cpp:9->top.cpp:36]
ST_8 : Operation 96 [1/1] (0.00ns) (grouped into LUT with out node carry_1)   --->   "%tmp_24_i_i9_i_i = xor i1 %tmp_72, true" [D:/studyapp_new/VIVADO/vivado201704/Vivado/2017.4/common/technology/autopilot/hls/hls_video_types.h:417->D:/studyapp_new/VIVADO/vivado201704/Vivado/2017.4/common/technology/autopilot/hls/hls_video_types.h:500->D:/studyapp_new/VIVADO/vivado201704/Vivado/2017.4/common/technology/autopilot/hls/hls_video_imgproc.h:1629->D:/studyapp_new/VIVADO/vivado201704/Vivado/2017.4/common/technology/autopilot/hls/hls_video_imgproc.h:1952->imgprocess.cpp:34->imgprocess.cpp:9->top.cpp:36]   --->   Core 27 'LogicGate' <Latency = 0> <II = 1> <Delay = 0.93> <FuncUnit> <Opcode : 'and' 'or' 'xor'> <InPorts = 2> <OutPorts = 1>
ST_8 : Operation 97 [1/1] (0.93ns) (out node of the LUT)   --->   "%carry_1 = and i1 %tmp_71, %tmp_24_i_i9_i_i" [D:/studyapp_new/VIVADO/vivado201704/Vivado/2017.4/common/technology/autopilot/hls/hls_video_types.h:417->D:/studyapp_new/VIVADO/vivado201704/Vivado/2017.4/common/technology/autopilot/hls/hls_video_types.h:500->D:/studyapp_new/VIVADO/vivado201704/Vivado/2017.4/common/technology/autopilot/hls/hls_video_imgproc.h:1629->D:/studyapp_new/VIVADO/vivado201704/Vivado/2017.4/common/technology/autopilot/hls/hls_video_imgproc.h:1952->imgprocess.cpp:34->imgprocess.cpp:9->top.cpp:36]   --->   Core 27 'LogicGate' <Latency = 0> <II = 1> <Delay = 0.93> <FuncUnit> <Opcode : 'and' 'or' 'xor'> <InPorts = 2> <OutPorts = 1>
ST_8 : Operation 98 [1/1] (0.00ns)   --->   "%tmp_45_i = call i2 @_ssdm_op_PartSelect.i2.i32.i32.i32(i32 %r_V_3, i32 30, i32 31)" [D:/studyapp_new/VIVADO/vivado201704/Vivado/2017.4/common/technology/autopilot/hls/hls_video_types.h:417->D:/studyapp_new/VIVADO/vivado201704/Vivado/2017.4/common/technology/autopilot/hls/hls_video_types.h:500->D:/studyapp_new/VIVADO/vivado201704/Vivado/2017.4/common/technology/autopilot/hls/hls_video_imgproc.h:1629->D:/studyapp_new/VIVADO/vivado201704/Vivado/2017.4/common/technology/autopilot/hls/hls_video_imgproc.h:1952->imgprocess.cpp:34->imgprocess.cpp:9->top.cpp:36]
ST_8 : Operation 99 [1/1] (0.95ns)   --->   "%Range1_all_ones_1 = icmp eq i2 %tmp_45_i, -1" [D:/studyapp_new/VIVADO/vivado201704/Vivado/2017.4/common/technology/autopilot/hls/hls_video_types.h:417->D:/studyapp_new/VIVADO/vivado201704/Vivado/2017.4/common/technology/autopilot/hls/hls_video_types.h:500->D:/studyapp_new/VIVADO/vivado201704/Vivado/2017.4/common/technology/autopilot/hls/hls_video_imgproc.h:1629->D:/studyapp_new/VIVADO/vivado201704/Vivado/2017.4/common/technology/autopilot/hls/hls_video_imgproc.h:1952->imgprocess.cpp:34->imgprocess.cpp:9->top.cpp:36]   --->   Core 25 'Cmp' <Latency = 0> <II = 1> <Delay = 1.77> <FuncUnit> <Opcode : 'icmp'> <InPorts = 2> <OutPorts = 1>
ST_8 : Operation 100 [1/1] (0.95ns)   --->   "%Range1_all_zeros_1 = icmp eq i2 %tmp_45_i, 0" [D:/studyapp_new/VIVADO/vivado201704/Vivado/2017.4/common/technology/autopilot/hls/hls_video_types.h:417->D:/studyapp_new/VIVADO/vivado201704/Vivado/2017.4/common/technology/autopilot/hls/hls_video_types.h:500->D:/studyapp_new/VIVADO/vivado201704/Vivado/2017.4/common/technology/autopilot/hls/hls_video_imgproc.h:1629->D:/studyapp_new/VIVADO/vivado201704/Vivado/2017.4/common/technology/autopilot/hls/hls_video_imgproc.h:1952->imgprocess.cpp:34->imgprocess.cpp:9->top.cpp:36]   --->   Core 25 'Cmp' <Latency = 0> <II = 1> <Delay = 1.77> <FuncUnit> <Opcode : 'icmp'> <InPorts = 2> <OutPorts = 1>
ST_8 : Operation 101 [1/1] (0.00ns) (grouped into LUT with out node p_39_demorgan_i_i_i17)   --->   "%deleted_zeros_1 = select i1 %carry_1, i1 %Range1_all_ones_1, i1 %Range1_all_zeros_1" [D:/studyapp_new/VIVADO/vivado201704/Vivado/2017.4/common/technology/autopilot/hls/hls_video_types.h:417->D:/studyapp_new/VIVADO/vivado201704/Vivado/2017.4/common/technology/autopilot/hls/hls_video_types.h:500->D:/studyapp_new/VIVADO/vivado201704/Vivado/2017.4/common/technology/autopilot/hls/hls_video_imgproc.h:1629->D:/studyapp_new/VIVADO/vivado201704/Vivado/2017.4/common/technology/autopilot/hls/hls_video_imgproc.h:1952->imgprocess.cpp:34->imgprocess.cpp:9->top.cpp:36]   --->   Core 26 'Sel' <Latency = 0> <II = 1> <Delay = 1.37> <FuncUnit> <Opcode : 'select'> <InPorts = 3> <OutPorts = 1>
ST_8 : Operation 102 [1/1] (0.93ns)   --->   "%p_38_i_i_i14_i_i = and i1 %carry_1, %Range1_all_ones_1" [D:/studyapp_new/VIVADO/vivado201704/Vivado/2017.4/common/technology/autopilot/hls/hls_video_types.h:417->D:/studyapp_new/VIVADO/vivado201704/Vivado/2017.4/common/technology/autopilot/hls/hls_video_types.h:500->D:/studyapp_new/VIVADO/vivado201704/Vivado/2017.4/common/technology/autopilot/hls/hls_video_imgproc.h:1629->D:/studyapp_new/VIVADO/vivado201704/Vivado/2017.4/common/technology/autopilot/hls/hls_video_imgproc.h:1952->imgprocess.cpp:34->imgprocess.cpp:9->top.cpp:36]   --->   Core 27 'LogicGate' <Latency = 0> <II = 1> <Delay = 0.93> <FuncUnit> <Opcode : 'and' 'or' 'xor'> <InPorts = 2> <OutPorts = 1>
ST_8 : Operation 103 [1/1] (1.37ns) (out node of the LUT)   --->   "%p_39_demorgan_i_i_i17 = or i1 %deleted_zeros_1, %signbit_1" [D:/studyapp_new/VIVADO/vivado201704/Vivado/2017.4/common/technology/autopilot/hls/hls_video_types.h:417->D:/studyapp_new/VIVADO/vivado201704/Vivado/2017.4/common/technology/autopilot/hls/hls_video_types.h:500->D:/studyapp_new/VIVADO/vivado201704/Vivado/2017.4/common/technology/autopilot/hls/hls_video_imgproc.h:1629->D:/studyapp_new/VIVADO/vivado201704/Vivado/2017.4/common/technology/autopilot/hls/hls_video_imgproc.h:1952->imgprocess.cpp:34->imgprocess.cpp:9->top.cpp:36]   --->   Core 27 'LogicGate' <Latency = 0> <II = 1> <Delay = 0.93> <FuncUnit> <Opcode : 'and' 'or' 'xor'> <InPorts = 2> <OutPorts = 1>

 <State 9> : 6.37ns
ST_9 : Operation 104 [1/1] (0.00ns)   --->   "call void (...)* @_ssdm_op_SpecLoopName([11 x i8]* @p_str28) nounwind" [D:/studyapp_new/VIVADO/vivado201704/Vivado/2017.4/common/technology/autopilot/hls/hls_video_imgproc.h:1948->imgprocess.cpp:34->imgprocess.cpp:9->top.cpp:36]
ST_9 : Operation 105 [1/1] (0.00ns)   --->   "%tmp_22_i = call i32 (...)* @_ssdm_op_SpecRegionBegin([11 x i8]* @p_str28)" [D:/studyapp_new/VIVADO/vivado201704/Vivado/2017.4/common/technology/autopilot/hls/hls_video_imgproc.h:1948->imgprocess.cpp:34->imgprocess.cpp:9->top.cpp:36]
ST_9 : Operation 106 [1/1] (0.00ns)   --->   "call void (...)* @_ssdm_op_SpecPipeline(i32 -1, i32 1, i32 1, i32 0, [1 x i8]* @p_str) nounwind" [D:/studyapp_new/VIVADO/vivado201704/Vivado/2017.4/common/technology/autopilot/hls/hls_video_imgproc.h:1950->imgprocess.cpp:34->imgprocess.cpp:9->top.cpp:36]
ST_9 : Operation 107 [1/1] (0.00ns) (grouped into LUT with out node p_i_i_i_i)   --->   "%tmp_25_i_i_i_i = xor i1 %p_38_i_i_i_i_i, true" [D:/studyapp_new/VIVADO/vivado201704/Vivado/2017.4/common/technology/autopilot/hls/hls_video_types.h:417->D:/studyapp_new/VIVADO/vivado201704/Vivado/2017.4/common/technology/autopilot/hls/hls_video_types.h:500->D:/studyapp_new/VIVADO/vivado201704/Vivado/2017.4/common/technology/autopilot/hls/hls_video_imgproc.h:1628->D:/studyapp_new/VIVADO/vivado201704/Vivado/2017.4/common/technology/autopilot/hls/hls_video_imgproc.h:1952->imgprocess.cpp:34->imgprocess.cpp:9->top.cpp:36]   --->   Core 27 'LogicGate' <Latency = 0> <II = 1> <Delay = 0.93> <FuncUnit> <Opcode : 'and' 'or' 'xor'> <InPorts = 2> <OutPorts = 1>
ST_9 : Operation 108 [1/1] (0.00ns) (grouped into LUT with out node p_i_i_i_i)   --->   "%neg_src = and i1 %signbit, %tmp_25_i_i_i_i" [D:/studyapp_new/VIVADO/vivado201704/Vivado/2017.4/common/technology/autopilot/hls/hls_video_types.h:417->D:/studyapp_new/VIVADO/vivado201704/Vivado/2017.4/common/technology/autopilot/hls/hls_video_types.h:500->D:/studyapp_new/VIVADO/vivado201704/Vivado/2017.4/common/technology/autopilot/hls/hls_video_imgproc.h:1628->D:/studyapp_new/VIVADO/vivado201704/Vivado/2017.4/common/technology/autopilot/hls/hls_video_imgproc.h:1952->imgprocess.cpp:34->imgprocess.cpp:9->top.cpp:36]   --->   Core 27 'LogicGate' <Latency = 0> <II = 1> <Delay = 0.93> <FuncUnit> <Opcode : 'and' 'or' 'xor'> <InPorts = 2> <OutPorts = 1>
ST_9 : Operation 109 [1/1] (0.00ns) (grouped into LUT with out node neg_src_not_i_i_i_i)   --->   "%signbit_not_i_i_i = xor i1 %signbit, true" [D:/studyapp_new/VIVADO/vivado201704/Vivado/2017.4/common/technology/autopilot/hls/hls_video_types.h:417->D:/studyapp_new/VIVADO/vivado201704/Vivado/2017.4/common/technology/autopilot/hls/hls_video_types.h:500->D:/studyapp_new/VIVADO/vivado201704/Vivado/2017.4/common/technology/autopilot/hls/hls_video_imgproc.h:1628->D:/studyapp_new/VIVADO/vivado201704/Vivado/2017.4/common/technology/autopilot/hls/hls_video_imgproc.h:1952->imgprocess.cpp:34->imgprocess.cpp:9->top.cpp:36]   --->   Core 27 'LogicGate' <Latency = 0> <II = 1> <Delay = 0.93> <FuncUnit> <Opcode : 'and' 'or' 'xor'> <InPorts = 2> <OutPorts = 1>
ST_9 : Operation 110 [1/1] (0.93ns) (out node of the LUT)   --->   "%neg_src_not_i_i_i_i = or i1 %p_38_i_i_i_i_i, %signbit_not_i_i_i" [D:/studyapp_new/VIVADO/vivado201704/Vivado/2017.4/common/technology/autopilot/hls/hls_video_types.h:417->D:/studyapp_new/VIVADO/vivado201704/Vivado/2017.4/common/technology/autopilot/hls/hls_video_types.h:500->D:/studyapp_new/VIVADO/vivado201704/Vivado/2017.4/common/technology/autopilot/hls/hls_video_imgproc.h:1628->D:/studyapp_new/VIVADO/vivado201704/Vivado/2017.4/common/technology/autopilot/hls/hls_video_imgproc.h:1952->imgprocess.cpp:34->imgprocess.cpp:9->top.cpp:36]   --->   Core 27 'LogicGate' <Latency = 0> <II = 1> <Delay = 0.93> <FuncUnit> <Opcode : 'and' 'or' 'xor'> <InPorts = 2> <OutPorts = 1>
ST_9 : Operation 111 [1/1] (0.00ns) (grouped into LUT with out node p_Val2_21)   --->   "%brmerge_i_i_not_i_i_s = and i1 %p_39_demorgan_i_i_i_i, %neg_src_not_i_i_i_i" [D:/studyapp_new/VIVADO/vivado201704/Vivado/2017.4/common/technology/autopilot/hls/hls_video_types.h:417->D:/studyapp_new/VIVADO/vivado201704/Vivado/2017.4/common/technology/autopilot/hls/hls_video_types.h:500->D:/studyapp_new/VIVADO/vivado201704/Vivado/2017.4/common/technology/autopilot/hls/hls_video_imgproc.h:1628->D:/studyapp_new/VIVADO/vivado201704/Vivado/2017.4/common/technology/autopilot/hls/hls_video_imgproc.h:1952->imgprocess.cpp:34->imgprocess.cpp:9->top.cpp:36]   --->   Core 27 'LogicGate' <Latency = 0> <II = 1> <Delay = 0.93> <FuncUnit> <Opcode : 'and' 'or' 'xor'> <InPorts = 2> <OutPorts = 1>
ST_9 : Operation 112 [1/1] (0.00ns) (grouped into LUT with out node p_Val2_21)   --->   "%p_39_demorgan_i_not_i = xor i1 %p_39_demorgan_i_i_i_i, true" [D:/studyapp_new/VIVADO/vivado201704/Vivado/2017.4/common/technology/autopilot/hls/hls_video_types.h:417->D:/studyapp_new/VIVADO/vivado201704/Vivado/2017.4/common/technology/autopilot/hls/hls_video_types.h:500->D:/studyapp_new/VIVADO/vivado201704/Vivado/2017.4/common/technology/autopilot/hls/hls_video_imgproc.h:1628->D:/studyapp_new/VIVADO/vivado201704/Vivado/2017.4/common/technology/autopilot/hls/hls_video_imgproc.h:1952->imgprocess.cpp:34->imgprocess.cpp:9->top.cpp:36]   --->   Core 27 'LogicGate' <Latency = 0> <II = 1> <Delay = 0.93> <FuncUnit> <Opcode : 'and' 'or' 'xor'> <InPorts = 2> <OutPorts = 1>
ST_9 : Operation 113 [1/1] (0.00ns) (grouped into LUT with out node p_Val2_21)   --->   "%brmerge_i_i_i_i = or i1 %neg_src_not_i_i_i_i, %p_39_demorgan_i_not_i" [D:/studyapp_new/VIVADO/vivado201704/Vivado/2017.4/common/technology/autopilot/hls/hls_video_types.h:417->D:/studyapp_new/VIVADO/vivado201704/Vivado/2017.4/common/technology/autopilot/hls/hls_video_types.h:500->D:/studyapp_new/VIVADO/vivado201704/Vivado/2017.4/common/technology/autopilot/hls/hls_video_imgproc.h:1628->D:/studyapp_new/VIVADO/vivado201704/Vivado/2017.4/common/technology/autopilot/hls/hls_video_imgproc.h:1952->imgprocess.cpp:34->imgprocess.cpp:9->top.cpp:36]   --->   Core 27 'LogicGate' <Latency = 0> <II = 1> <Delay = 0.93> <FuncUnit> <Opcode : 'and' 'or' 'xor'> <InPorts = 2> <OutPorts = 1>
ST_9 : Operation 114 [1/1] (0.00ns) (grouped into LUT with out node p_Val2_21)   --->   "%p_mux_i_i1_i_i = select i1 %brmerge_i_i_not_i_i_s, i8 %p_Val2_14, i8 -1" [D:/studyapp_new/VIVADO/vivado201704/Vivado/2017.4/common/technology/autopilot/hls/hls_video_types.h:417->D:/studyapp_new/VIVADO/vivado201704/Vivado/2017.4/common/technology/autopilot/hls/hls_video_types.h:500->D:/studyapp_new/VIVADO/vivado201704/Vivado/2017.4/common/technology/autopilot/hls/hls_video_imgproc.h:1628->D:/studyapp_new/VIVADO/vivado201704/Vivado/2017.4/common/technology/autopilot/hls/hls_video_imgproc.h:1952->imgprocess.cpp:34->imgprocess.cpp:9->top.cpp:36]   --->   Core 26 'Sel' <Latency = 0> <II = 1> <Delay = 1.37> <FuncUnit> <Opcode : 'select'> <InPorts = 3> <OutPorts = 1>
ST_9 : Operation 115 [1/1] (1.37ns) (out node of the LUT)   --->   "%p_i_i_i_i = select i1 %neg_src, i8 0, i8 %p_Val2_14" [D:/studyapp_new/VIVADO/vivado201704/Vivado/2017.4/common/technology/autopilot/hls/hls_video_types.h:417->D:/studyapp_new/VIVADO/vivado201704/Vivado/2017.4/common/technology/autopilot/hls/hls_video_types.h:500->D:/studyapp_new/VIVADO/vivado201704/Vivado/2017.4/common/technology/autopilot/hls/hls_video_imgproc.h:1628->D:/studyapp_new/VIVADO/vivado201704/Vivado/2017.4/common/technology/autopilot/hls/hls_video_imgproc.h:1952->imgprocess.cpp:34->imgprocess.cpp:9->top.cpp:36]   --->   Core 26 'Sel' <Latency = 0> <II = 1> <Delay = 1.37> <FuncUnit> <Opcode : 'select'> <InPorts = 3> <OutPorts = 1>
ST_9 : Operation 116 [1/1] (1.37ns) (out node of the LUT)   --->   "%p_Val2_21 = select i1 %brmerge_i_i_i_i, i8 %p_mux_i_i1_i_i, i8 %p_i_i_i_i" [D:/studyapp_new/VIVADO/vivado201704/Vivado/2017.4/common/technology/autopilot/hls/hls_video_types.h:417->D:/studyapp_new/VIVADO/vivado201704/Vivado/2017.4/common/technology/autopilot/hls/hls_video_types.h:500->D:/studyapp_new/VIVADO/vivado201704/Vivado/2017.4/common/technology/autopilot/hls/hls_video_imgproc.h:1628->D:/studyapp_new/VIVADO/vivado201704/Vivado/2017.4/common/technology/autopilot/hls/hls_video_imgproc.h:1952->imgprocess.cpp:34->imgprocess.cpp:9->top.cpp:36]   --->   Core 26 'Sel' <Latency = 0> <II = 1> <Delay = 1.37> <FuncUnit> <Opcode : 'select'> <InPorts = 3> <OutPorts = 1>
ST_9 : Operation 117 [1/1] (0.00ns) (grouped into LUT with out node p_i_i24_i_i)   --->   "%tmp_25_i_i15_i_i = xor i1 %p_38_i_i_i14_i_i, true" [D:/studyapp_new/VIVADO/vivado201704/Vivado/2017.4/common/technology/autopilot/hls/hls_video_types.h:417->D:/studyapp_new/VIVADO/vivado201704/Vivado/2017.4/common/technology/autopilot/hls/hls_video_types.h:500->D:/studyapp_new/VIVADO/vivado201704/Vivado/2017.4/common/technology/autopilot/hls/hls_video_imgproc.h:1629->D:/studyapp_new/VIVADO/vivado201704/Vivado/2017.4/common/technology/autopilot/hls/hls_video_imgproc.h:1952->imgprocess.cpp:34->imgprocess.cpp:9->top.cpp:36]   --->   Core 27 'LogicGate' <Latency = 0> <II = 1> <Delay = 0.93> <FuncUnit> <Opcode : 'and' 'or' 'xor'> <InPorts = 2> <OutPorts = 1>
ST_9 : Operation 118 [1/1] (0.00ns) (grouped into LUT with out node p_i_i24_i_i)   --->   "%neg_src_4 = and i1 %signbit_1, %tmp_25_i_i15_i_i" [D:/studyapp_new/VIVADO/vivado201704/Vivado/2017.4/common/technology/autopilot/hls/hls_video_types.h:417->D:/studyapp_new/VIVADO/vivado201704/Vivado/2017.4/common/technology/autopilot/hls/hls_video_types.h:500->D:/studyapp_new/VIVADO/vivado201704/Vivado/2017.4/common/technology/autopilot/hls/hls_video_imgproc.h:1629->D:/studyapp_new/VIVADO/vivado201704/Vivado/2017.4/common/technology/autopilot/hls/hls_video_imgproc.h:1952->imgprocess.cpp:34->imgprocess.cpp:9->top.cpp:36]   --->   Core 27 'LogicGate' <Latency = 0> <II = 1> <Delay = 0.93> <FuncUnit> <Opcode : 'and' 'or' 'xor'> <InPorts = 2> <OutPorts = 1>
ST_9 : Operation 119 [1/1] (0.00ns) (grouped into LUT with out node neg_src_not_i_i19_i_s)   --->   "%signbit_not_i18_i_i = xor i1 %signbit_1, true" [D:/studyapp_new/VIVADO/vivado201704/Vivado/2017.4/common/technology/autopilot/hls/hls_video_types.h:417->D:/studyapp_new/VIVADO/vivado201704/Vivado/2017.4/common/technology/autopilot/hls/hls_video_types.h:500->D:/studyapp_new/VIVADO/vivado201704/Vivado/2017.4/common/technology/autopilot/hls/hls_video_imgproc.h:1629->D:/studyapp_new/VIVADO/vivado201704/Vivado/2017.4/common/technology/autopilot/hls/hls_video_imgproc.h:1952->imgprocess.cpp:34->imgprocess.cpp:9->top.cpp:36]   --->   Core 27 'LogicGate' <Latency = 0> <II = 1> <Delay = 0.93> <FuncUnit> <Opcode : 'and' 'or' 'xor'> <InPorts = 2> <OutPorts = 1>
ST_9 : Operation 120 [1/1] (0.93ns) (out node of the LUT)   --->   "%neg_src_not_i_i19_i_s = or i1 %p_38_i_i_i14_i_i, %signbit_not_i18_i_i" [D:/studyapp_new/VIVADO/vivado201704/Vivado/2017.4/common/technology/autopilot/hls/hls_video_types.h:417->D:/studyapp_new/VIVADO/vivado201704/Vivado/2017.4/common/technology/autopilot/hls/hls_video_types.h:500->D:/studyapp_new/VIVADO/vivado201704/Vivado/2017.4/common/technology/autopilot/hls/hls_video_imgproc.h:1629->D:/studyapp_new/VIVADO/vivado201704/Vivado/2017.4/common/technology/autopilot/hls/hls_video_imgproc.h:1952->imgprocess.cpp:34->imgprocess.cpp:9->top.cpp:36]   --->   Core 27 'LogicGate' <Latency = 0> <II = 1> <Delay = 0.93> <FuncUnit> <Opcode : 'and' 'or' 'xor'> <InPorts = 2> <OutPorts = 1>
ST_9 : Operation 121 [1/1] (0.00ns) (grouped into LUT with out node p_Val2_22)   --->   "%brmerge_i_i_not_i_i2 = and i1 %p_39_demorgan_i_i_i17, %neg_src_not_i_i19_i_s" [D:/studyapp_new/VIVADO/vivado201704/Vivado/2017.4/common/technology/autopilot/hls/hls_video_types.h:417->D:/studyapp_new/VIVADO/vivado201704/Vivado/2017.4/common/technology/autopilot/hls/hls_video_types.h:500->D:/studyapp_new/VIVADO/vivado201704/Vivado/2017.4/common/technology/autopilot/hls/hls_video_imgproc.h:1629->D:/studyapp_new/VIVADO/vivado201704/Vivado/2017.4/common/technology/autopilot/hls/hls_video_imgproc.h:1952->imgprocess.cpp:34->imgprocess.cpp:9->top.cpp:36]   --->   Core 27 'LogicGate' <Latency = 0> <II = 1> <Delay = 0.93> <FuncUnit> <Opcode : 'and' 'or' 'xor'> <InPorts = 2> <OutPorts = 1>
ST_9 : Operation 122 [1/1] (0.00ns) (grouped into LUT with out node p_Val2_22)   --->   "%p_39_demorgan_i_not_i_1 = xor i1 %p_39_demorgan_i_i_i17, true" [D:/studyapp_new/VIVADO/vivado201704/Vivado/2017.4/common/technology/autopilot/hls/hls_video_types.h:417->D:/studyapp_new/VIVADO/vivado201704/Vivado/2017.4/common/technology/autopilot/hls/hls_video_types.h:500->D:/studyapp_new/VIVADO/vivado201704/Vivado/2017.4/common/technology/autopilot/hls/hls_video_imgproc.h:1629->D:/studyapp_new/VIVADO/vivado201704/Vivado/2017.4/common/technology/autopilot/hls/hls_video_imgproc.h:1952->imgprocess.cpp:34->imgprocess.cpp:9->top.cpp:36]   --->   Core 27 'LogicGate' <Latency = 0> <II = 1> <Delay = 0.93> <FuncUnit> <Opcode : 'and' 'or' 'xor'> <InPorts = 2> <OutPorts = 1>
ST_9 : Operation 123 [1/1] (0.00ns) (grouped into LUT with out node p_Val2_22)   --->   "%brmerge_i_i22_i_i = or i1 %neg_src_not_i_i19_i_s, %p_39_demorgan_i_not_i_1" [D:/studyapp_new/VIVADO/vivado201704/Vivado/2017.4/common/technology/autopilot/hls/hls_video_types.h:417->D:/studyapp_new/VIVADO/vivado201704/Vivado/2017.4/common/technology/autopilot/hls/hls_video_types.h:500->D:/studyapp_new/VIVADO/vivado201704/Vivado/2017.4/common/technology/autopilot/hls/hls_video_imgproc.h:1629->D:/studyapp_new/VIVADO/vivado201704/Vivado/2017.4/common/technology/autopilot/hls/hls_video_imgproc.h:1952->imgprocess.cpp:34->imgprocess.cpp:9->top.cpp:36]   --->   Core 27 'LogicGate' <Latency = 0> <II = 1> <Delay = 0.93> <FuncUnit> <Opcode : 'and' 'or' 'xor'> <InPorts = 2> <OutPorts = 1>
ST_9 : Operation 124 [1/1] (0.00ns) (grouped into LUT with out node p_Val2_22)   --->   "%p_mux_i_i23_i_i = select i1 %brmerge_i_i_not_i_i2, i8 %p_Val2_19, i8 -1" [D:/studyapp_new/VIVADO/vivado201704/Vivado/2017.4/common/technology/autopilot/hls/hls_video_types.h:417->D:/studyapp_new/VIVADO/vivado201704/Vivado/2017.4/common/technology/autopilot/hls/hls_video_types.h:500->D:/studyapp_new/VIVADO/vivado201704/Vivado/2017.4/common/technology/autopilot/hls/hls_video_imgproc.h:1629->D:/studyapp_new/VIVADO/vivado201704/Vivado/2017.4/common/technology/autopilot/hls/hls_video_imgproc.h:1952->imgprocess.cpp:34->imgprocess.cpp:9->top.cpp:36]   --->   Core 26 'Sel' <Latency = 0> <II = 1> <Delay = 1.37> <FuncUnit> <Opcode : 'select'> <InPorts = 3> <OutPorts = 1>
ST_9 : Operation 125 [1/1] (1.37ns) (out node of the LUT)   --->   "%p_i_i24_i_i = select i1 %neg_src_4, i8 0, i8 %p_Val2_19" [D:/studyapp_new/VIVADO/vivado201704/Vivado/2017.4/common/technology/autopilot/hls/hls_video_types.h:417->D:/studyapp_new/VIVADO/vivado201704/Vivado/2017.4/common/technology/autopilot/hls/hls_video_types.h:500->D:/studyapp_new/VIVADO/vivado201704/Vivado/2017.4/common/technology/autopilot/hls/hls_video_imgproc.h:1629->D:/studyapp_new/VIVADO/vivado201704/Vivado/2017.4/common/technology/autopilot/hls/hls_video_imgproc.h:1952->imgprocess.cpp:34->imgprocess.cpp:9->top.cpp:36]   --->   Core 26 'Sel' <Latency = 0> <II = 1> <Delay = 1.37> <FuncUnit> <Opcode : 'select'> <InPorts = 3> <OutPorts = 1>
ST_9 : Operation 126 [1/1] (1.37ns) (out node of the LUT)   --->   "%p_Val2_22 = select i1 %brmerge_i_i22_i_i, i8 %p_mux_i_i23_i_i, i8 %p_i_i24_i_i" [D:/studyapp_new/VIVADO/vivado201704/Vivado/2017.4/common/technology/autopilot/hls/hls_video_types.h:417->D:/studyapp_new/VIVADO/vivado201704/Vivado/2017.4/common/technology/autopilot/hls/hls_video_types.h:500->D:/studyapp_new/VIVADO/vivado201704/Vivado/2017.4/common/technology/autopilot/hls/hls_video_imgproc.h:1629->D:/studyapp_new/VIVADO/vivado201704/Vivado/2017.4/common/technology/autopilot/hls/hls_video_imgproc.h:1952->imgprocess.cpp:34->imgprocess.cpp:9->top.cpp:36]   --->   Core 26 'Sel' <Latency = 0> <II = 1> <Delay = 1.37> <FuncUnit> <Opcode : 'select'> <InPorts = 3> <OutPorts = 1>
ST_9 : Operation 127 [1/1] (0.00ns)   --->   "%tmp_24_i = call i32 (...)* @_ssdm_op_SpecRegionBegin([12 x i8]* @p_str57)" [D:/studyapp_new/VIVADO/vivado201704/Vivado/2017.4/common/technology/autopilot/hls/hls_video_core.h:641->D:/studyapp_new/VIVADO/vivado201704/Vivado/2017.4/common/technology/autopilot/hls/hls_video_core.h:662->D:/studyapp_new/VIVADO/vivado201704/Vivado/2017.4/common/technology/autopilot/hls/hls_video_imgproc.h:1953->imgprocess.cpp:34->imgprocess.cpp:9->top.cpp:36]
ST_9 : Operation 128 [1/1] (0.00ns)   --->   "call void (...)* @_ssdm_op_SpecProtocol(i32 0, [1 x i8]* @p_str) nounwind" [D:/studyapp_new/VIVADO/vivado201704/Vivado/2017.4/common/technology/autopilot/hls/hls_video_core.h:645->D:/studyapp_new/VIVADO/vivado201704/Vivado/2017.4/common/technology/autopilot/hls/hls_video_core.h:662->D:/studyapp_new/VIVADO/vivado201704/Vivado/2017.4/common/technology/autopilot/hls/hls_video_imgproc.h:1953->imgprocess.cpp:34->imgprocess.cpp:9->top.cpp:36]
ST_9 : Operation 129 [1/1] (3.63ns)   --->   "call void @_ssdm_op_Write.ap_fifo.volatile.i8P(i8* %YCrCb_IMG_data_strea_i, i8 %p_Val2_s)" [D:/studyapp_new/VIVADO/vivado201704/Vivado/2017.4/common/technology/autopilot/hls/hls_video_core.h:648->D:/studyapp_new/VIVADO/vivado201704/Vivado/2017.4/common/technology/autopilot/hls/hls_video_core.h:662->D:/studyapp_new/VIVADO/vivado201704/Vivado/2017.4/common/technology/autopilot/hls/hls_video_imgproc.h:1953->imgprocess.cpp:34->imgprocess.cpp:9->top.cpp:36]   --->   Core 32 'FIFO' <Latency = 0> <II = 1> <Delay = 3.63> <Storage> <Opcode : 'read' 'write' 'nbread' 'nbwrite'> <Ports = 0> <Width = 8> <Depth = 1> <FIFO>
ST_9 : Operation 130 [1/1] (3.63ns)   --->   "call void @_ssdm_op_Write.ap_fifo.volatile.i8P(i8* %YCrCb_IMG_data_strea_1_i, i8 %p_Val2_21)" [D:/studyapp_new/VIVADO/vivado201704/Vivado/2017.4/common/technology/autopilot/hls/hls_video_core.h:648->D:/studyapp_new/VIVADO/vivado201704/Vivado/2017.4/common/technology/autopilot/hls/hls_video_core.h:662->D:/studyapp_new/VIVADO/vivado201704/Vivado/2017.4/common/technology/autopilot/hls/hls_video_imgproc.h:1953->imgprocess.cpp:34->imgprocess.cpp:9->top.cpp:36]   --->   Core 32 'FIFO' <Latency = 0> <II = 1> <Delay = 3.63> <Storage> <Opcode : 'read' 'write' 'nbread' 'nbwrite'> <Ports = 0> <Width = 8> <Depth = 1> <FIFO>
ST_9 : Operation 131 [1/1] (3.63ns)   --->   "call void @_ssdm_op_Write.ap_fifo.volatile.i8P(i8* %YCrCb_IMG_data_strea_2_i, i8 %p_Val2_22)" [D:/studyapp_new/VIVADO/vivado201704/Vivado/2017.4/common/technology/autopilot/hls/hls_video_core.h:648->D:/studyapp_new/VIVADO/vivado201704/Vivado/2017.4/common/technology/autopilot/hls/hls_video_core.h:662->D:/studyapp_new/VIVADO/vivado201704/Vivado/2017.4/common/technology/autopilot/hls/hls_video_imgproc.h:1953->imgprocess.cpp:34->imgprocess.cpp:9->top.cpp:36]   --->   Core 32 'FIFO' <Latency = 0> <II = 1> <Delay = 3.63> <Storage> <Opcode : 'read' 'write' 'nbread' 'nbwrite'> <Ports = 0> <Width = 8> <Depth = 1> <FIFO>
ST_9 : Operation 132 [1/1] (0.00ns)   --->   "%empty_126 = call i32 (...)* @_ssdm_op_SpecRegionEnd([12 x i8]* @p_str57, i32 %tmp_24_i)" [D:/studyapp_new/VIVADO/vivado201704/Vivado/2017.4/common/technology/autopilot/hls/hls_video_core.h:650->D:/studyapp_new/VIVADO/vivado201704/Vivado/2017.4/common/technology/autopilot/hls/hls_video_core.h:662->D:/studyapp_new/VIVADO/vivado201704/Vivado/2017.4/common/technology/autopilot/hls/hls_video_imgproc.h:1953->imgprocess.cpp:34->imgprocess.cpp:9->top.cpp:36]
ST_9 : Operation 133 [1/1] (0.00ns)   --->   "%empty_127 = call i32 (...)* @_ssdm_op_SpecRegionEnd([11 x i8]* @p_str28, i32 %tmp_22_i)" [D:/studyapp_new/VIVADO/vivado201704/Vivado/2017.4/common/technology/autopilot/hls/hls_video_imgproc.h:1954->imgprocess.cpp:34->imgprocess.cpp:9->top.cpp:36]
ST_9 : Operation 134 [1/1] (0.00ns)   --->   "br label %2" [D:/studyapp_new/VIVADO/vivado201704/Vivado/2017.4/common/technology/autopilot/hls/hls_video_imgproc.h:1948->imgprocess.cpp:34->imgprocess.cpp:9->top.cpp:36]

 <State 10> : 0.00ns
ST_10 : Operation 135 [1/1] (0.00ns)   --->   "%empty_128 = call i32 (...)* @_ssdm_op_SpecRegionEnd([12 x i8]* @p_str27, i32 %tmp_i)" [D:/studyapp_new/VIVADO/vivado201704/Vivado/2017.4/common/technology/autopilot/hls/hls_video_imgproc.h:1955->imgprocess.cpp:34->imgprocess.cpp:9->top.cpp:36]
ST_10 : Operation 136 [1/1] (0.00ns)   --->   "br label %0" [D:/studyapp_new/VIVADO/vivado201704/Vivado/2017.4/common/technology/autopilot/hls/hls_video_imgproc.h:1947->imgprocess.cpp:34->imgprocess.cpp:9->top.cpp:36]


============================================================
+ Verbose Summary: Timing violations
============================================================
Target clock period: 10ns, clock uncertainty: 1.25ns.

 <State 1>: 1.77ns
The critical path consists of the following:
	multiplexor before 'phi' operation ('i') with incoming values : ('i', D:/studyapp_new/VIVADO/vivado201704/Vivado/2017.4/common/technology/autopilot/hls/hls_video_imgproc.h:1947->imgprocess.cpp:34->imgprocess.cpp:9->top.cpp:36) [23]  (1.77 ns)

 <State 2>: 2.7ns
The critical path consists of the following:
	'icmp' operation ('exitcond1_i', D:/studyapp_new/VIVADO/vivado201704/Vivado/2017.4/common/technology/autopilot/hls/hls_video_imgproc.h:1947->imgprocess.cpp:34->imgprocess.cpp:9->top.cpp:36) [25]  (1.77 ns)
	blocking operation 0.931 ns on control path)

 <State 3>: 1.94ns
The critical path consists of the following:
	'phi' operation ('j') with incoming values : ('j', D:/studyapp_new/VIVADO/vivado201704/Vivado/2017.4/common/technology/autopilot/hls/hls_video_imgproc.h:1948->imgprocess.cpp:34->imgprocess.cpp:9->top.cpp:36) [33]  (0 ns)
	'add' operation ('j', D:/studyapp_new/VIVADO/vivado201704/Vivado/2017.4/common/technology/autopilot/hls/hls_video_imgproc.h:1948->imgprocess.cpp:34->imgprocess.cpp:9->top.cpp:36) [36]  (1.94 ns)

 <State 4>: 3.63ns
The critical path consists of the following:
	fifo read on port 'src_mat_data_stream_s' (D:/studyapp_new/VIVADO/vivado201704/Vivado/2017.4/common/technology/autopilot/hls/hls_video_core.h:624->D:/studyapp_new/VIVADO/vivado201704/Vivado/2017.4/common/technology/autopilot/hls/hls_video_core.h:656->D:/studyapp_new/VIVADO/vivado201704/Vivado/2017.4/common/technology/autopilot/hls/hls_video_imgproc.h:1951->imgprocess.cpp:34->imgprocess.cpp:9->top.cpp:36) [44]  (3.63 ns)

 <State 5>: 6.38ns
The critical path consists of the following:
	'mul' operation ('r_V_4_i_i', D:/studyapp_new/VIVADO/vivado201704/Vivado/2017.4/common/technology/autopilot/hls/hls_video_imgproc.h:1477->D:/studyapp_new/VIVADO/vivado201704/Vivado/2017.4/common/technology/autopilot/hls/hls_video_imgproc.h:1626->D:/studyapp_new/VIVADO/vivado201704/Vivado/2017.4/common/technology/autopilot/hls/hls_video_imgproc.h:1952->imgprocess.cpp:34->imgprocess.cpp:9->top.cpp:36) [49]  (6.38 ns)

 <State 6>: 9.4ns
The critical path consists of the following:
	'mul' operation ('r.V', D:/studyapp_new/VIVADO/vivado201704/Vivado/2017.4/common/technology/autopilot/hls/hls_video_imgproc.h:1475->D:/studyapp_new/VIVADO/vivado201704/Vivado/2017.4/common/technology/autopilot/hls/hls_video_imgproc.h:1626->D:/studyapp_new/VIVADO/vivado201704/Vivado/2017.4/common/technology/autopilot/hls/hls_video_imgproc.h:1952->imgprocess.cpp:34->imgprocess.cpp:9->top.cpp:36) [53]  (3.36 ns)
	'add' operation ('__Val2__', D:/studyapp_new/VIVADO/vivado201704/Vivado/2017.4/common/technology/autopilot/hls/hls_video_imgproc.h:1477->D:/studyapp_new/VIVADO/vivado201704/Vivado/2017.4/common/technology/autopilot/hls/hls_video_imgproc.h:1626->D:/studyapp_new/VIVADO/vivado201704/Vivado/2017.4/common/technology/autopilot/hls/hls_video_imgproc.h:1952->imgprocess.cpp:34->imgprocess.cpp:9->top.cpp:36) [55]  (3.02 ns)
	'add' operation ('r.V', D:/studyapp_new/VIVADO/vivado201704/Vivado/2017.4/common/technology/autopilot/hls/hls_video_imgproc.h:1477->D:/studyapp_new/VIVADO/vivado201704/Vivado/2017.4/common/technology/autopilot/hls/hls_video_imgproc.h:1626->D:/studyapp_new/VIVADO/vivado201704/Vivado/2017.4/common/technology/autopilot/hls/hls_video_imgproc.h:1952->imgprocess.cpp:34->imgprocess.cpp:9->top.cpp:36) [57]  (3.02 ns)

 <State 7>: 5.2ns
The critical path consists of the following:
	'add' operation ('__Val2__', D:/studyapp_new/VIVADO/vivado201704/Vivado/2017.4/common/technology/autopilot/hls/hls_video_types.h:409->D:/studyapp_new/VIVADO/vivado201704/Vivado/2017.4/common/technology/autopilot/hls/hls_video_types.h:500->D:/studyapp_new/VIVADO/vivado201704/Vivado/2017.4/common/technology/autopilot/hls/hls_video_imgproc.h:1478->D:/studyapp_new/VIVADO/vivado201704/Vivado/2017.4/common/technology/autopilot/hls/hls_video_imgproc.h:1626->D:/studyapp_new/VIVADO/vivado201704/Vivado/2017.4/common/technology/autopilot/hls/hls_video_imgproc.h:1952->imgprocess.cpp:34->imgprocess.cpp:9->top.cpp:36) [62]  (1.92 ns)
	'select' operation ('__Val2__', D:/studyapp_new/VIVADO/vivado201704/Vivado/2017.4/common/technology/autopilot/hls/hls_video_types.h:409->D:/studyapp_new/VIVADO/vivado201704/Vivado/2017.4/common/technology/autopilot/hls/hls_video_types.h:500->D:/studyapp_new/VIVADO/vivado201704/Vivado/2017.4/common/technology/autopilot/hls/hls_video_imgproc.h:1478->D:/studyapp_new/VIVADO/vivado201704/Vivado/2017.4/common/technology/autopilot/hls/hls_video_imgproc.h:1626->D:/studyapp_new/VIVADO/vivado201704/Vivado/2017.4/common/technology/autopilot/hls/hls_video_imgproc.h:1952->imgprocess.cpp:34->imgprocess.cpp:9->top.cpp:36) [66]  (1.37 ns)
	'sub' operation ('i_op', D:/studyapp_new/VIVADO/vivado201704/Vivado/2017.4/common/technology/autopilot/hls/hls_video_imgproc.h:1629->D:/studyapp_new/VIVADO/vivado201704/Vivado/2017.4/common/technology/autopilot/hls/hls_video_imgproc.h:1952->imgprocess.cpp:34->imgprocess.cpp:9->top.cpp:36) [99]  (1.92 ns)

 <State 8>: 10.6ns
The critical path consists of the following:
	'mul' operation ('__Val2__', D:/studyapp_new/VIVADO/vivado201704/Vivado/2017.4/common/technology/autopilot/hls/hls_video_imgproc.h:1628->D:/studyapp_new/VIVADO/vivado201704/Vivado/2017.4/common/technology/autopilot/hls/hls_video_imgproc.h:1952->imgprocess.cpp:34->imgprocess.cpp:9->top.cpp:36) [71]  (3.36 ns)
	'add' operation ('r.V', D:/studyapp_new/VIVADO/vivado201704/Vivado/2017.4/common/technology/autopilot/hls/hls_video_imgproc.h:1628->D:/studyapp_new/VIVADO/vivado201704/Vivado/2017.4/common/technology/autopilot/hls/hls_video_imgproc.h:1952->imgprocess.cpp:34->imgprocess.cpp:9->top.cpp:36) [72]  (3.02 ns)
	'add' operation ('__Val2__', D:/studyapp_new/VIVADO/vivado201704/Vivado/2017.4/common/technology/autopilot/hls/hls_video_types.h:417->D:/studyapp_new/VIVADO/vivado201704/Vivado/2017.4/common/technology/autopilot/hls/hls_video_types.h:500->D:/studyapp_new/VIVADO/vivado201704/Vivado/2017.4/common/technology/autopilot/hls/hls_video_imgproc.h:1628->D:/studyapp_new/VIVADO/vivado201704/Vivado/2017.4/common/technology/autopilot/hls/hls_video_imgproc.h:1952->imgprocess.cpp:34->imgprocess.cpp:9->top.cpp:36) [78]  (1.92 ns)
	'xor' operation ('tmp_24_i_i_i_i', D:/studyapp_new/VIVADO/vivado201704/Vivado/2017.4/common/technology/autopilot/hls/hls_video_types.h:417->D:/studyapp_new/VIVADO/vivado201704/Vivado/2017.4/common/technology/autopilot/hls/hls_video_types.h:500->D:/studyapp_new/VIVADO/vivado201704/Vivado/2017.4/common/technology/autopilot/hls/hls_video_imgproc.h:1628->D:/studyapp_new/VIVADO/vivado201704/Vivado/2017.4/common/technology/autopilot/hls/hls_video_imgproc.h:1952->imgprocess.cpp:34->imgprocess.cpp:9->top.cpp:36) [80]  (0 ns)
	'and' operation ('carry', D:/studyapp_new/VIVADO/vivado201704/Vivado/2017.4/common/technology/autopilot/hls/hls_video_types.h:417->D:/studyapp_new/VIVADO/vivado201704/Vivado/2017.4/common/technology/autopilot/hls/hls_video_types.h:500->D:/studyapp_new/VIVADO/vivado201704/Vivado/2017.4/common/technology/autopilot/hls/hls_video_imgproc.h:1628->D:/studyapp_new/VIVADO/vivado201704/Vivado/2017.4/common/technology/autopilot/hls/hls_video_imgproc.h:1952->imgprocess.cpp:34->imgprocess.cpp:9->top.cpp:36) [81]  (0.931 ns)
	'select' operation ('deleted_zeros', D:/studyapp_new/VIVADO/vivado201704/Vivado/2017.4/common/technology/autopilot/hls/hls_video_types.h:417->D:/studyapp_new/VIVADO/vivado201704/Vivado/2017.4/common/technology/autopilot/hls/hls_video_types.h:500->D:/studyapp_new/VIVADO/vivado201704/Vivado/2017.4/common/technology/autopilot/hls/hls_video_imgproc.h:1628->D:/studyapp_new/VIVADO/vivado201704/Vivado/2017.4/common/technology/autopilot/hls/hls_video_imgproc.h:1952->imgprocess.cpp:34->imgprocess.cpp:9->top.cpp:36) [85]  (0 ns)
	'or' operation ('p_39_demorgan_i_i_i_i', D:/studyapp_new/VIVADO/vivado201704/Vivado/2017.4/common/technology/autopilot/hls/hls_video_types.h:417->D:/studyapp_new/VIVADO/vivado201704/Vivado/2017.4/common/technology/autopilot/hls/hls_video_types.h:500->D:/studyapp_new/VIVADO/vivado201704/Vivado/2017.4/common/technology/autopilot/hls/hls_video_imgproc.h:1628->D:/studyapp_new/VIVADO/vivado201704/Vivado/2017.4/common/technology/autopilot/hls/hls_video_imgproc.h:1952->imgprocess.cpp:34->imgprocess.cpp:9->top.cpp:36) [89]  (1.37 ns)

 <State 9>: 6.37ns
The critical path consists of the following:
	'xor' operation ('tmp_25_i_i_i_i', D:/studyapp_new/VIVADO/vivado201704/Vivado/2017.4/common/technology/autopilot/hls/hls_video_types.h:417->D:/studyapp_new/VIVADO/vivado201704/Vivado/2017.4/common/technology/autopilot/hls/hls_video_types.h:500->D:/studyapp_new/VIVADO/vivado201704/Vivado/2017.4/common/technology/autopilot/hls/hls_video_imgproc.h:1628->D:/studyapp_new/VIVADO/vivado201704/Vivado/2017.4/common/technology/autopilot/hls/hls_video_imgproc.h:1952->imgprocess.cpp:34->imgprocess.cpp:9->top.cpp:36) [87]  (0 ns)
	'and' operation ('neg_src', D:/studyapp_new/VIVADO/vivado201704/Vivado/2017.4/common/technology/autopilot/hls/hls_video_types.h:417->D:/studyapp_new/VIVADO/vivado201704/Vivado/2017.4/common/technology/autopilot/hls/hls_video_types.h:500->D:/studyapp_new/VIVADO/vivado201704/Vivado/2017.4/common/technology/autopilot/hls/hls_video_imgproc.h:1628->D:/studyapp_new/VIVADO/vivado201704/Vivado/2017.4/common/technology/autopilot/hls/hls_video_imgproc.h:1952->imgprocess.cpp:34->imgprocess.cpp:9->top.cpp:36) [88]  (0 ns)
	'select' operation ('p_i_i_i_i', D:/studyapp_new/VIVADO/vivado201704/Vivado/2017.4/common/technology/autopilot/hls/hls_video_types.h:417->D:/studyapp_new/VIVADO/vivado201704/Vivado/2017.4/common/technology/autopilot/hls/hls_video_types.h:500->D:/studyapp_new/VIVADO/vivado201704/Vivado/2017.4/common/technology/autopilot/hls/hls_video_imgproc.h:1628->D:/studyapp_new/VIVADO/vivado201704/Vivado/2017.4/common/technology/autopilot/hls/hls_video_imgproc.h:1952->imgprocess.cpp:34->imgprocess.cpp:9->top.cpp:36) [96]  (1.37 ns)
	'select' operation ('__Val2__', D:/studyapp_new/VIVADO/vivado201704/Vivado/2017.4/common/technology/autopilot/hls/hls_video_types.h:417->D:/studyapp_new/VIVADO/vivado201704/Vivado/2017.4/common/technology/autopilot/hls/hls_video_types.h:500->D:/studyapp_new/VIVADO/vivado201704/Vivado/2017.4/common/technology/autopilot/hls/hls_video_imgproc.h:1628->D:/studyapp_new/VIVADO/vivado201704/Vivado/2017.4/common/technology/autopilot/hls/hls_video_imgproc.h:1952->imgprocess.cpp:34->imgprocess.cpp:9->top.cpp:36) [97]  (1.37 ns)
	fifo write on port 'YCrCb_IMG_data_strea_1_i' (D:/studyapp_new/VIVADO/vivado201704/Vivado/2017.4/common/technology/autopilot/hls/hls_video_core.h:648->D:/studyapp_new/VIVADO/vivado201704/Vivado/2017.4/common/technology/autopilot/hls/hls_video_core.h:662->D:/studyapp_new/VIVADO/vivado201704/Vivado/2017.4/common/technology/autopilot/hls/hls_video_imgproc.h:1953->imgprocess.cpp:34->imgprocess.cpp:9->top.cpp:36) [131]  (3.63 ns)

 <State 10>: 0ns
The critical path consists of the following:


============================================================
+ Verbose Summary: Binding
============================================================
N/A
* FSMD analyzer results:
  - Output states:
 - Input state : 
  - Chain level:
	State 1
	State 2
	State 3
	State 4
	State 5
	State 6
	State 7
	State 8
	State 9
	State 10


============================================================
+ Verbose Summary: Datapath Resource usage 
============================================================
N/A
